-- The C compiler identification is GNU 13.3.0
-- The CXX compiler identification is GNU 13.3.0
-- Detecting C compiler ABI info
-- Detecting C compiler ABI info - done
-- Check for working C compiler: /usr/bin/cc - skipped
-- Detecting C compile features
-- Detecting C compile features - done
-- Detecting CXX compiler ABI info
-- Detecting CXX compiler ABI info - done
-- Check for working CXX compiler: /usr/bin/c++ - skipped
-- Detecting CXX compile features
-- Detecting CXX compile features - done
-- Found ament_cmake: 2.5.4 (/opt/ros/jazzy/share/ament_cmake/cmake)
-- Found Python3: /usr/bin/python3 (found version "3.12.3") found components: Interpreter 
-- Found rclcpp: 28.1.13 (/opt/ros/jazzy/share/rclcpp/cmake)
-- Found rosidl_generator_c: 4.6.6 (/opt/ros/jazzy/share/rosidl_generator_c/cmake)
-- Found rosidl_generator_cpp: 4.6.6 (/opt/ros/jazzy/share/rosidl_generator_cpp/cmake)
-- Using all available rosidl_typesupport_c: rosidl_typesupport_fastrtps_c;rosidl_typesupport_introspection_c
-- Using all available rosidl_typesupport_cpp: rosidl_typesupport_fastrtps_cpp;rosidl_typesupport_introspection_cpp
-- Found rmw_implementation_cmake: 7.3.2 (/opt/ros/jazzy/share/rmw_implementation_cmake/cmake)
-- Found rmw_fastrtps_cpp: 8.4.3 (/opt/ros/jazzy/share/rmw_fastrtps_cpp/cmake)
-- Found OpenSSL: /usr/lib/x86_64-linux-gnu/libcrypto.so (found version "3.0.13")  
-- Found FastRTPS: /opt/ros/jazzy/include (Required is at least version "2.13") 
-- Using RMW implementation 'rmw_fastrtps_cpp' as default
-- Found std_msgs: 5.3.6 (/opt/ros/jazzy/share/std_msgs/cmake)
-- Found geometry_msgs: 5.3.6 (/opt/ros/jazzy/share/geometry_msgs/cmake)
-- Found grasp_planner_msgs: 0.0.0 (/home/zakaria/grasp_planner/install/grasp_planner_msgs/share/grasp_planner_msgs/cmake)
-- Found eigen3_cmake_module: 0.3.0 (/opt/ros/jazzy/share/eigen3_cmake_module/cmake)
-- Found Boost: /usr/lib/x86_64-linux-gnu/cmake/Boost-1.83.0/BoostConfig.cmake (found version "1.83.0") found components: program_options thread regex system filesystem 
-- Found Eigen3: TRUE (found version "3.4.0") 
-- Using Simox Binary Package from: /home/zakaria/local/share/Simox/cmake
-- Found nlohmann_json: /home/zakaria/local/share/cmake/nlohmann_json/nlohmann_jsonConfig.cmake (found suitable version "3.12.0", minimum required is "3.11.3") 
--  * Including /home/zakaria/local/share/Simox/cmake/SimoxMacros.cmake
-- Configuring done (1.4s)
-- Generating done (0.0s)
-- Build files have been written to: /home/zakaria/grasp_planner/build/grasp_planner_service
[ 16%] [32mBuilding CXX object CMakeFiles/grasp_planner_service.dir/src/grasp_planner_service.cpp.o[0m
[ 33%] [32m[1mLinking CXX static library libgrasp_planner_service.a[0m
[ 33%] Built target grasp_planner_service
[ 50%] [32mBuilding CXX object CMakeFiles/grasp_planner_service_node.dir/src/grasp_planner_service_node.cpp.o[0m
[ 66%] [32mBuilding CXX object CMakeFiles/test_grasp_planner.dir/src/test_grasp_planner.cpp.o[0m
[ 83%] [32m[1mLinking CXX executable grasp_planner_service_node[0m
[ 83%] Built target grasp_planner_service_node
[100%] [32m[1mLinking CXX executable test_grasp_planner[0m
[100%] Built target test_grasp_planner
-- Install configuration: ""
-- Installing: /home/zakaria/grasp_planner/install/grasp_planner_service/lib/libgrasp_planner_service.a
-- Installing: /home/zakaria/grasp_planner/install/grasp_planner_service/lib/grasp_planner_service/grasp_planner_service_node
-- Set non-toolchain portion of runtime path of "/home/zakaria/grasp_planner/install/grasp_planner_service/lib/grasp_planner_service/grasp_planner_service_node" to ""
-- Installing: /home/zakaria/grasp_planner/install/grasp_planner_service/lib/grasp_planner_service/test_grasp_planner
-- Set non-toolchain portion of runtime path of "/home/zakaria/grasp_planner/install/grasp_planner_service/lib/grasp_planner_service/test_grasp_planner" to ""
-- Installing: /home/zakaria/grasp_planner/install/grasp_planner_service/include
-- Installing: /home/zakaria/grasp_planner/install/grasp_planner_service/include/grasp_planner_service
-- Installing: /home/zakaria/grasp_planner/install/grasp_planner_service/include/grasp_planner_service/conversion_helpers.hpp
-- Installing: /home/zakaria/grasp_planner/install/grasp_planner_service/include/grasp_planner_service/grasp_planner_service.hpp
-- Installing: /home/zakaria/grasp_planner/install/grasp_planner_service/share/ament_index/resource_index/package_run_dependencies/grasp_planner_service
-- Installing: /home/zakaria/grasp_planner/install/grasp_planner_service/share/ament_index/resource_index/parent_prefix_path/grasp_planner_service
-- Installing: /home/zakaria/grasp_planner/install/grasp_planner_service/share/grasp_planner_service/environment/ament_prefix_path.sh
-- Installing: /home/zakaria/grasp_planner/install/grasp_planner_service/share/grasp_planner_service/environment/ament_prefix_path.dsv
-- Installing: /home/zakaria/grasp_planner/install/grasp_planner_service/share/grasp_planner_service/environment/path.sh
-- Installing: /home/zakaria/grasp_planner/install/grasp_planner_service/share/grasp_planner_service/environment/path.dsv
-- Installing: /home/zakaria/grasp_planner/install/grasp_planner_service/share/grasp_planner_service/local_setup.bash
-- Installing: /home/zakaria/grasp_planner/install/grasp_planner_service/share/grasp_planner_service/local_setup.sh
-- Installing: /home/zakaria/grasp_planner/install/grasp_planner_service/share/grasp_planner_service/local_setup.zsh
-- Installing: /home/zakaria/grasp_planner/install/grasp_planner_service/share/grasp_planner_service/local_setup.dsv
-- Installing: /home/zakaria/grasp_planner/install/grasp_planner_service/share/grasp_planner_service/package.dsv
-- Installing: /home/zakaria/grasp_planner/install/grasp_planner_service/share/ament_index/resource_index/packages/grasp_planner_service
-- Installing: /home/zakaria/grasp_planner/install/grasp_planner_service/share/grasp_planner_service/cmake/ament_cmake_export_dependencies-extras.cmake
-- Installing: /home/zakaria/grasp_planner/install/grasp_planner_service/share/grasp_planner_service/cmake/grasp_planner_serviceConfig.cmake
-- Installing: /home/zakaria/grasp_planner/install/grasp_planner_service/share/grasp_planner_service/cmake/grasp_planner_serviceConfig-version.cmake
-- Installing: /home/zakaria/grasp_planner/install/grasp_planner_service/share/grasp_planner_service/package.xml
