[0.009s] Invoking command in '/home/zakaria/grasp_planner/build/grasp_planner_service': AMENT_PREFIX_PATH=/home/zakaria/grasp_planner/install/grasp_planner_msgs:${AMENT_PREFIX_PATH} CMAKE_PREFIX_PATH=/home/zakaria/grasp_planner/install/grasp_planner_msgs:/home/zakaria/workspace/ros/install/ur_description:/home/zakaria/workspace/ros/install/robotiq_description:/home/zakaria/workspace/ros/install/iai_tracy_ur:/home/zakaria/workspace/ros/install/iai_tracy_description:/home/zakaria/workspace/ros/install/iai_tracy_bringup:/home/zakaria/workspace/ros/install/giskardpy_ros:/opt/ros/jazzy:/home/zakaria/workspace/ros/install/iai_tracy:/home/zakaria/workspace/ros/install/iai_shelves:/home/zakaria/workspace/ros/install/iai_semantic_maps:/home/zakaria/workspace/ros/install/iai_refills_lab:/home/zakaria/workspace/ros/install/iai_pr2:/home/zakaria/workspace/ros/install/iai_pr2_description:/home/zakaria/workspace/ros/install/iai_maps:/home/zakaria/workspace/ros/install/iai_kitchen_defs:/home/zakaria/workspace/ros/install/iai_kitchen:/home/zakaria/workspace/ros/install/iai_apartment:/home/zakaria/workspace/ros/install/giskard_msgs:/home/zakaria/workspace/ros/install/chemistry_laboratory:/opt/ros/jazzy/opt/gz_sim_vendor:/opt/ros/jazzy/opt/gz_sensors_vendor:/opt/ros/jazzy/opt/gz_physics_vendor:/opt/ros/jazzy/opt/sdformat_vendor:/opt/ros/jazzy/opt/gz_gui_vendor:/opt/ros/jazzy/opt/gz_transport_vendor:/opt/ros/jazzy/opt/gz_rendering_vendor:/opt/ros/jazzy/opt/gz_plugin_vendor:/opt/ros/jazzy/opt/gz_fuel_tools_vendor:/opt/ros/jazzy/opt/gz_msgs_vendor:/opt/ros/jazzy/opt/gz_common_vendor:/opt/ros/jazzy/opt/gz_math_vendor:/opt/ros/jazzy/opt/gz_utils_vendor:/opt/ros/jazzy/opt/gz_tools_vendor:/opt/ros/jazzy/opt/gz_ogre_next_vendor:/opt/ros/jazzy/opt/gz_dartsim_vendor:/opt/ros/jazzy/opt/gz_cmake_vendor DEBUGINFOD_URLS=https://debuginfod.ubuntu.com LDFLAGS=-L/home/zakaria/local/lib -L/home/zakaria/local/lib LD_LIBRARY_PATH=/home/zakaria/grasp_planner/install/grasp_planner_msgs/lib:${LD_LIBRARY_PATH} PYTHONPATH=/home/zakaria/grasp_planner/install/grasp_planner_msgs/lib/python3.12/site-packages:${PYTHONPATH} /usr/bin/cmake /home/zakaria/grasp_planner/src/grasp_planner_service -DCMAKE_INSTALL_PREFIX=/home/zakaria/grasp_planner/install/grasp_planner_service
[0.065s] -- The C compiler identification is GNU 13.3.0
[0.120s] -- The CXX compiler identification is GNU 13.3.0
[0.140s] -- Detecting C compiler ABI info
[0.244s] -- Detecting C compiler ABI info - done
[0.258s] -- Check for working C compiler: /usr/bin/cc - skipped
[0.258s] -- Detecting C compile features
[0.258s] -- Detecting C compile features - done
[0.269s] -- Detecting CXX compiler ABI info
[0.376s] -- Detecting CXX compiler ABI info - done
[0.388s] -- Check for working CXX compiler: /usr/bin/c++ - skipped
[0.388s] -- Detecting CXX compile features
[0.388s] -- Detecting CXX compile features - done
[0.392s] -- Found ament_cmake: 2.5.4 (/opt/ros/jazzy/share/ament_cmake/cmake)
[0.585s] -- Found Python3: /usr/bin/python3 (found version "3.12.3") found components: Interpreter 
[0.697s] -- Found rclcpp: 28.1.13 (/opt/ros/jazzy/share/rclcpp/cmake)
[0.736s] -- Found rosidl_generator_c: 4.6.6 (/opt/ros/jazzy/share/rosidl_generator_c/cmake)
[0.749s] -- Found rosidl_generator_cpp: 4.6.6 (/opt/ros/jazzy/share/rosidl_generator_cpp/cmake)
[0.762s] -- Using all available rosidl_typesupport_c: rosidl_typesupport_fastrtps_c;rosidl_typesupport_introspection_c
[0.777s] -- Using all available rosidl_typesupport_cpp: rosidl_typesupport_fastrtps_cpp;rosidl_typesupport_introspection_cpp
[0.867s] -- Found rmw_implementation_cmake: 7.3.2 (/opt/ros/jazzy/share/rmw_implementation_cmake/cmake)
[0.870s] -- Found rmw_fastrtps_cpp: 8.4.3 (/opt/ros/jazzy/share/rmw_fastrtps_cpp/cmake)
[0.959s] -- Found OpenSSL: /usr/lib/x86_64-linux-gnu/libcrypto.so (found version "3.0.13")  
[0.980s] -- Found FastRTPS: /opt/ros/jazzy/include (Required is at least version "2.13") 
[1.002s] -- Using RMW implementation 'rmw_fastrtps_cpp' as default
[1.069s] -- Found std_msgs: 5.3.6 (/opt/ros/jazzy/share/std_msgs/cmake)
[1.083s] -- Found geometry_msgs: 5.3.6 (/opt/ros/jazzy/share/geometry_msgs/cmake)
[1.097s] -- Found grasp_planner_msgs: 0.0.0 (/home/zakaria/grasp_planner/install/grasp_planner_msgs/share/grasp_planner_msgs/cmake)
[1.115s] -- Found eigen3_cmake_module: 0.3.0 (/opt/ros/jazzy/share/eigen3_cmake_module/cmake)
[1.261s] -- Found Boost: /usr/lib/x86_64-linux-gnu/cmake/Boost-1.83.0/BoostConfig.cmake (found version "1.83.0") found components: program_options thread regex system filesystem 
[1.269s] -- Found Eigen3: TRUE (found version "3.4.0") 
[1.277s] -- Using Simox Binary Package from: /home/zakaria/local/share/Simox/cmake
[1.322s] -- Found nlohmann_json: /home/zakaria/local/share/cmake/nlohmann_json/nlohmann_jsonConfig.cmake (found suitable version "3.12.0", minimum required is "3.11.3") 
[1.347s] --  * Including /home/zakaria/local/share/Simox/cmake/SimoxMacros.cmake
[1.456s] -- Configuring done (1.4s)
[1.502s] -- Generating done (0.0s)
[1.512s] -- Build files have been written to: /home/zakaria/grasp_planner/build/grasp_planner_service
[1.528s] Invoked command in '/home/zakaria/grasp_planner/build/grasp_planner_service' returned '0': AMENT_PREFIX_PATH=/home/zakaria/grasp_planner/install/grasp_planner_msgs:${AMENT_PREFIX_PATH} CMAKE_PREFIX_PATH=/home/zakaria/grasp_planner/install/grasp_planner_msgs:/home/zakaria/workspace/ros/install/ur_description:/home/zakaria/workspace/ros/install/robotiq_description:/home/zakaria/workspace/ros/install/iai_tracy_ur:/home/zakaria/workspace/ros/install/iai_tracy_description:/home/zakaria/workspace/ros/install/iai_tracy_bringup:/home/zakaria/workspace/ros/install/giskardpy_ros:/opt/ros/jazzy:/home/zakaria/workspace/ros/install/iai_tracy:/home/zakaria/workspace/ros/install/iai_shelves:/home/zakaria/workspace/ros/install/iai_semantic_maps:/home/zakaria/workspace/ros/install/iai_refills_lab:/home/zakaria/workspace/ros/install/iai_pr2:/home/zakaria/workspace/ros/install/iai_pr2_description:/home/zakaria/workspace/ros/install/iai_maps:/home/zakaria/workspace/ros/install/iai_kitchen_defs:/home/zakaria/workspace/ros/install/iai_kitchen:/home/zakaria/workspace/ros/install/iai_apartment:/home/zakaria/workspace/ros/install/giskard_msgs:/home/zakaria/workspace/ros/install/chemistry_laboratory:/opt/ros/jazzy/opt/gz_sim_vendor:/opt/ros/jazzy/opt/gz_sensors_vendor:/opt/ros/jazzy/opt/gz_physics_vendor:/opt/ros/jazzy/opt/sdformat_vendor:/opt/ros/jazzy/opt/gz_gui_vendor:/opt/ros/jazzy/opt/gz_transport_vendor:/opt/ros/jazzy/opt/gz_rendering_vendor:/opt/ros/jazzy/opt/gz_plugin_vendor:/opt/ros/jazzy/opt/gz_fuel_tools_vendor:/opt/ros/jazzy/opt/gz_msgs_vendor:/opt/ros/jazzy/opt/gz_common_vendor:/opt/ros/jazzy/opt/gz_math_vendor:/opt/ros/jazzy/opt/gz_utils_vendor:/opt/ros/jazzy/opt/gz_tools_vendor:/opt/ros/jazzy/opt/gz_ogre_next_vendor:/opt/ros/jazzy/opt/gz_dartsim_vendor:/opt/ros/jazzy/opt/gz_cmake_vendor DEBUGINFOD_URLS=https://debuginfod.ubuntu.com LDFLAGS=-L/home/zakaria/local/lib -L/home/zakaria/local/lib LD_LIBRARY_PATH=/home/zakaria/grasp_planner/install/grasp_planner_msgs/lib:${LD_LIBRARY_PATH} PYTHONPATH=/home/zakaria/grasp_planner/install/grasp_planner_msgs/lib/python3.12/site-packages:${PYTHONPATH} /usr/bin/cmake /home/zakaria/grasp_planner/src/grasp_planner_service -DCMAKE_INSTALL_PREFIX=/home/zakaria/grasp_planner/install/grasp_planner_service
[1.529s] Invoking command in '/home/zakaria/grasp_planner/build/grasp_planner_service': AMENT_PREFIX_PATH=/home/zakaria/grasp_planner/install/grasp_planner_msgs:${AMENT_PREFIX_PATH} CMAKE_PREFIX_PATH=/home/zakaria/grasp_planner/install/grasp_planner_msgs:/home/zakaria/workspace/ros/install/ur_description:/home/zakaria/workspace/ros/install/robotiq_description:/home/zakaria/workspace/ros/install/iai_tracy_ur:/home/zakaria/workspace/ros/install/iai_tracy_description:/home/zakaria/workspace/ros/install/iai_tracy_bringup:/home/zakaria/workspace/ros/install/giskardpy_ros:/opt/ros/jazzy:/home/zakaria/workspace/ros/install/iai_tracy:/home/zakaria/workspace/ros/install/iai_shelves:/home/zakaria/workspace/ros/install/iai_semantic_maps:/home/zakaria/workspace/ros/install/iai_refills_lab:/home/zakaria/workspace/ros/install/iai_pr2:/home/zakaria/workspace/ros/install/iai_pr2_description:/home/zakaria/workspace/ros/install/iai_maps:/home/zakaria/workspace/ros/install/iai_kitchen_defs:/home/zakaria/workspace/ros/install/iai_kitchen:/home/zakaria/workspace/ros/install/iai_apartment:/home/zakaria/workspace/ros/install/giskard_msgs:/home/zakaria/workspace/ros/install/chemistry_laboratory:/opt/ros/jazzy/opt/gz_sim_vendor:/opt/ros/jazzy/opt/gz_sensors_vendor:/opt/ros/jazzy/opt/gz_physics_vendor:/opt/ros/jazzy/opt/sdformat_vendor:/opt/ros/jazzy/opt/gz_gui_vendor:/opt/ros/jazzy/opt/gz_transport_vendor:/opt/ros/jazzy/opt/gz_rendering_vendor:/opt/ros/jazzy/opt/gz_plugin_vendor:/opt/ros/jazzy/opt/gz_fuel_tools_vendor:/opt/ros/jazzy/opt/gz_msgs_vendor:/opt/ros/jazzy/opt/gz_common_vendor:/opt/ros/jazzy/opt/gz_math_vendor:/opt/ros/jazzy/opt/gz_utils_vendor:/opt/ros/jazzy/opt/gz_tools_vendor:/opt/ros/jazzy/opt/gz_ogre_next_vendor:/opt/ros/jazzy/opt/gz_dartsim_vendor:/opt/ros/jazzy/opt/gz_cmake_vendor DEBUGINFOD_URLS=https://debuginfod.ubuntu.com LDFLAGS=-L/home/zakaria/local/lib -L/home/zakaria/local/lib LD_LIBRARY_PATH=/home/zakaria/grasp_planner/install/grasp_planner_msgs/lib:${LD_LIBRARY_PATH} PYTHONPATH=/home/zakaria/grasp_planner/install/grasp_planner_msgs/lib/python3.12/site-packages:${PYTHONPATH} /usr/bin/cmake --build /home/zakaria/grasp_planner/build/grasp_planner_service -- -j12 -l12
[1.593s] [ 16%] [32mBuilding CXX object CMakeFiles/grasp_planner_service.dir/src/grasp_planner_service.cpp.o[0m
[7.194s] [ 33%] [32m[1mLinking CXX static library libgrasp_planner_service.a[0m
[7.265s] [ 33%] Built target grasp_planner_service
[7.285s] [ 50%] [32mBuilding CXX object CMakeFiles/grasp_planner_service_node.dir/src/grasp_planner_service_node.cpp.o[0m
[7.289s] [ 66%] [32mBuilding CXX object CMakeFiles/test_grasp_planner.dir/src/test_grasp_planner.cpp.o[0m
[14.192s] [ 83%] [32m[1mLinking CXX executable grasp_planner_service_node[0m
[14.926s] [ 83%] Built target grasp_planner_service_node
[15.268s] [100%] [32m[1mLinking CXX executable test_grasp_planner[0m
[15.566s] [100%] Built target test_grasp_planner
[15.582s] Invoked command in '/home/zakaria/grasp_planner/build/grasp_planner_service' returned '0': AMENT_PREFIX_PATH=/home/zakaria/grasp_planner/install/grasp_planner_msgs:${AMENT_PREFIX_PATH} CMAKE_PREFIX_PATH=/home/zakaria/grasp_planner/install/grasp_planner_msgs:/home/zakaria/workspace/ros/install/ur_description:/home/zakaria/workspace/ros/install/robotiq_description:/home/zakaria/workspace/ros/install/iai_tracy_ur:/home/zakaria/workspace/ros/install/iai_tracy_description:/home/zakaria/workspace/ros/install/iai_tracy_bringup:/home/zakaria/workspace/ros/install/giskardpy_ros:/opt/ros/jazzy:/home/zakaria/workspace/ros/install/iai_tracy:/home/zakaria/workspace/ros/install/iai_shelves:/home/zakaria/workspace/ros/install/iai_semantic_maps:/home/zakaria/workspace/ros/install/iai_refills_lab:/home/zakaria/workspace/ros/install/iai_pr2:/home/zakaria/workspace/ros/install/iai_pr2_description:/home/zakaria/workspace/ros/install/iai_maps:/home/zakaria/workspace/ros/install/iai_kitchen_defs:/home/zakaria/workspace/ros/install/iai_kitchen:/home/zakaria/workspace/ros/install/iai_apartment:/home/zakaria/workspace/ros/install/giskard_msgs:/home/zakaria/workspace/ros/install/chemistry_laboratory:/opt/ros/jazzy/opt/gz_sim_vendor:/opt/ros/jazzy/opt/gz_sensors_vendor:/opt/ros/jazzy/opt/gz_physics_vendor:/opt/ros/jazzy/opt/sdformat_vendor:/opt/ros/jazzy/opt/gz_gui_vendor:/opt/ros/jazzy/opt/gz_transport_vendor:/opt/ros/jazzy/opt/gz_rendering_vendor:/opt/ros/jazzy/opt/gz_plugin_vendor:/opt/ros/jazzy/opt/gz_fuel_tools_vendor:/opt/ros/jazzy/opt/gz_msgs_vendor:/opt/ros/jazzy/opt/gz_common_vendor:/opt/ros/jazzy/opt/gz_math_vendor:/opt/ros/jazzy/opt/gz_utils_vendor:/opt/ros/jazzy/opt/gz_tools_vendor:/opt/ros/jazzy/opt/gz_ogre_next_vendor:/opt/ros/jazzy/opt/gz_dartsim_vendor:/opt/ros/jazzy/opt/gz_cmake_vendor DEBUGINFOD_URLS=https://debuginfod.ubuntu.com LDFLAGS=-L/home/zakaria/local/lib -L/home/zakaria/local/lib LD_LIBRARY_PATH=/home/zakaria/grasp_planner/install/grasp_planner_msgs/lib:${LD_LIBRARY_PATH} PYTHONPATH=/home/zakaria/grasp_planner/install/grasp_planner_msgs/lib/python3.12/site-packages:${PYTHONPATH} /usr/bin/cmake --build /home/zakaria/grasp_planner/build/grasp_planner_service -- -j12 -l12
[15.584s] Invoking command in '/home/zakaria/grasp_planner/build/grasp_planner_service': AMENT_PREFIX_PATH=/home/zakaria/grasp_planner/install/grasp_planner_msgs:${AMENT_PREFIX_PATH} CMAKE_PREFIX_PATH=/home/zakaria/grasp_planner/install/grasp_planner_msgs:/home/zakaria/workspace/ros/install/ur_description:/home/zakaria/workspace/ros/install/robotiq_description:/home/zakaria/workspace/ros/install/iai_tracy_ur:/home/zakaria/workspace/ros/install/iai_tracy_description:/home/zakaria/workspace/ros/install/iai_tracy_bringup:/home/zakaria/workspace/ros/install/giskardpy_ros:/opt/ros/jazzy:/home/zakaria/workspace/ros/install/iai_tracy:/home/zakaria/workspace/ros/install/iai_shelves:/home/zakaria/workspace/ros/install/iai_semantic_maps:/home/zakaria/workspace/ros/install/iai_refills_lab:/home/zakaria/workspace/ros/install/iai_pr2:/home/zakaria/workspace/ros/install/iai_pr2_description:/home/zakaria/workspace/ros/install/iai_maps:/home/zakaria/workspace/ros/install/iai_kitchen_defs:/home/zakaria/workspace/ros/install/iai_kitchen:/home/zakaria/workspace/ros/install/iai_apartment:/home/zakaria/workspace/ros/install/giskard_msgs:/home/zakaria/workspace/ros/install/chemistry_laboratory:/opt/ros/jazzy/opt/gz_sim_vendor:/opt/ros/jazzy/opt/gz_sensors_vendor:/opt/ros/jazzy/opt/gz_physics_vendor:/opt/ros/jazzy/opt/sdformat_vendor:/opt/ros/jazzy/opt/gz_gui_vendor:/opt/ros/jazzy/opt/gz_transport_vendor:/opt/ros/jazzy/opt/gz_rendering_vendor:/opt/ros/jazzy/opt/gz_plugin_vendor:/opt/ros/jazzy/opt/gz_fuel_tools_vendor:/opt/ros/jazzy/opt/gz_msgs_vendor:/opt/ros/jazzy/opt/gz_common_vendor:/opt/ros/jazzy/opt/gz_math_vendor:/opt/ros/jazzy/opt/gz_utils_vendor:/opt/ros/jazzy/opt/gz_tools_vendor:/opt/ros/jazzy/opt/gz_ogre_next_vendor:/opt/ros/jazzy/opt/gz_dartsim_vendor:/opt/ros/jazzy/opt/gz_cmake_vendor DEBUGINFOD_URLS=https://debuginfod.ubuntu.com LDFLAGS=-L/home/zakaria/local/lib -L/home/zakaria/local/lib LD_LIBRARY_PATH=/home/zakaria/grasp_planner/install/grasp_planner_msgs/lib:${LD_LIBRARY_PATH} PYTHONPATH=/home/zakaria/grasp_planner/install/grasp_planner_msgs/lib/python3.12/site-packages:${PYTHONPATH} /usr/bin/cmake --install /home/zakaria/grasp_planner/build/grasp_planner_service
[15.595s] -- Install configuration: ""
[15.595s] -- Installing: /home/zakaria/grasp_planner/install/grasp_planner_service/lib/libgrasp_planner_service.a
[15.596s] -- Installing: /home/zakaria/grasp_planner/install/grasp_planner_service/lib/grasp_planner_service/grasp_planner_service_node
[15.597s] -- Set non-toolchain portion of runtime path of "/home/zakaria/grasp_planner/install/grasp_planner_service/lib/grasp_planner_service/grasp_planner_service_node" to ""
[15.597s] -- Installing: /home/zakaria/grasp_planner/install/grasp_planner_service/lib/grasp_planner_service/test_grasp_planner
[15.598s] -- Set non-toolchain portion of runtime path of "/home/zakaria/grasp_planner/install/grasp_planner_service/lib/grasp_planner_service/test_grasp_planner" to ""
[15.598s] -- Installing: /home/zakaria/grasp_planner/install/grasp_planner_service/include
[15.598s] -- Installing: /home/zakaria/grasp_planner/install/grasp_planner_service/include/grasp_planner_service
[15.599s] -- Installing: /home/zakaria/grasp_planner/install/grasp_planner_service/include/grasp_planner_service/conversion_helpers.hpp
[15.599s] -- Installing: /home/zakaria/grasp_planner/install/grasp_planner_service/include/grasp_planner_service/grasp_planner_service.hpp
[15.599s] -- Installing: /home/zakaria/grasp_planner/install/grasp_planner_service/share/ament_index/resource_index/package_run_dependencies/grasp_planner_service
[15.599s] -- Installing: /home/zakaria/grasp_planner/install/grasp_planner_service/share/ament_index/resource_index/parent_prefix_path/grasp_planner_service
[15.599s] -- Installing: /home/zakaria/grasp_planner/install/grasp_planner_service/share/grasp_planner_service/environment/ament_prefix_path.sh
[15.599s] -- Installing: /home/zakaria/grasp_planner/install/grasp_planner_service/share/grasp_planner_service/environment/ament_prefix_path.dsv
[15.600s] -- Installing: /home/zakaria/grasp_planner/install/grasp_planner_service/share/grasp_planner_service/environment/path.sh
[15.600s] -- Installing: /home/zakaria/grasp_planner/install/grasp_planner_service/share/grasp_planner_service/environment/path.dsv
[15.600s] -- Installing: /home/zakaria/grasp_planner/install/grasp_planner_service/share/grasp_planner_service/local_setup.bash
[15.600s] -- Installing: /home/zakaria/grasp_planner/install/grasp_planner_service/share/grasp_planner_service/local_setup.sh
[15.600s] -- Installing: /home/zakaria/grasp_planner/install/grasp_planner_service/share/grasp_planner_service/local_setup.zsh
[15.600s] -- Installing: /home/zakaria/grasp_planner/install/grasp_planner_service/share/grasp_planner_service/local_setup.dsv
[15.600s] -- Installing: /home/zakaria/grasp_planner/install/grasp_planner_service/share/grasp_planner_service/package.dsv
[15.600s] -- Installing: /home/zakaria/grasp_planner/install/grasp_planner_service/share/ament_index/resource_index/packages/grasp_planner_service
[15.600s] -- Installing: /home/zakaria/grasp_planner/install/grasp_planner_service/share/grasp_planner_service/cmake/ament_cmake_export_dependencies-extras.cmake
[15.601s] -- Installing: /home/zakaria/grasp_planner/install/grasp_planner_service/share/grasp_planner_service/cmake/grasp_planner_serviceConfig.cmake
[15.601s] -- Installing: /home/zakaria/grasp_planner/install/grasp_planner_service/share/grasp_planner_service/cmake/grasp_planner_serviceConfig-version.cmake
[15.601s] -- Installing: /home/zakaria/grasp_planner/install/grasp_planner_service/share/grasp_planner_service/package.xml
[15.602s] Invoked command in '/home/zakaria/grasp_planner/build/grasp_planner_service' returned '0': AMENT_PREFIX_PATH=/home/zakaria/grasp_planner/install/grasp_planner_msgs:${AMENT_PREFIX_PATH} CMAKE_PREFIX_PATH=/home/zakaria/grasp_planner/install/grasp_planner_msgs:/home/zakaria/workspace/ros/install/ur_description:/home/zakaria/workspace/ros/install/robotiq_description:/home/zakaria/workspace/ros/install/iai_tracy_ur:/home/zakaria/workspace/ros/install/iai_tracy_description:/home/zakaria/workspace/ros/install/iai_tracy_bringup:/home/zakaria/workspace/ros/install/giskardpy_ros:/opt/ros/jazzy:/home/zakaria/workspace/ros/install/iai_tracy:/home/zakaria/workspace/ros/install/iai_shelves:/home/zakaria/workspace/ros/install/iai_semantic_maps:/home/zakaria/workspace/ros/install/iai_refills_lab:/home/zakaria/workspace/ros/install/iai_pr2:/home/zakaria/workspace/ros/install/iai_pr2_description:/home/zakaria/workspace/ros/install/iai_maps:/home/zakaria/workspace/ros/install/iai_kitchen_defs:/home/zakaria/workspace/ros/install/iai_kitchen:/home/zakaria/workspace/ros/install/iai_apartment:/home/zakaria/workspace/ros/install/giskard_msgs:/home/zakaria/workspace/ros/install/chemistry_laboratory:/opt/ros/jazzy/opt/gz_sim_vendor:/opt/ros/jazzy/opt/gz_sensors_vendor:/opt/ros/jazzy/opt/gz_physics_vendor:/opt/ros/jazzy/opt/sdformat_vendor:/opt/ros/jazzy/opt/gz_gui_vendor:/opt/ros/jazzy/opt/gz_transport_vendor:/opt/ros/jazzy/opt/gz_rendering_vendor:/opt/ros/jazzy/opt/gz_plugin_vendor:/opt/ros/jazzy/opt/gz_fuel_tools_vendor:/opt/ros/jazzy/opt/gz_msgs_vendor:/opt/ros/jazzy/opt/gz_common_vendor:/opt/ros/jazzy/opt/gz_math_vendor:/opt/ros/jazzy/opt/gz_utils_vendor:/opt/ros/jazzy/opt/gz_tools_vendor:/opt/ros/jazzy/opt/gz_ogre_next_vendor:/opt/ros/jazzy/opt/gz_dartsim_vendor:/opt/ros/jazzy/opt/gz_cmake_vendor DEBUGINFOD_URLS=https://debuginfod.ubuntu.com LDFLAGS=-L/home/zakaria/local/lib -L/home/zakaria/local/lib LD_LIBRARY_PATH=/home/zakaria/grasp_planner/install/grasp_planner_msgs/lib:${LD_LIBRARY_PATH} PYTHONPATH=/home/zakaria/grasp_planner/install/grasp_planner_msgs/lib/python3.12/site-packages:${PYTHONPATH} /usr/bin/cmake --install /home/zakaria/grasp_planner/build/grasp_planner_service
