-- The C compiler identification is GNU 13.3.0
-- The CXX compiler identification is GNU 13.3.0
-- Detecting C compiler ABI info
-- Detecting C compiler ABI info - done
-- Check for working C compiler: /usr/bin/cc - skipped
-- Detecting C compile features
-- Detecting C compile features - done
-- Detecting CXX compiler ABI info
-- Detecting CXX compiler ABI info - done
-- Check for working CXX compiler: /usr/bin/c++ - skipped
-- Detecting CXX compile features
-- Detecting CXX compile features - done
-- Found ament_cmake: 2.5.4 (/opt/ros/jazzy/share/ament_cmake/cmake)
-- Found Python3: /usr/bin/python3 (found version "3.12.3") found components: Interpreter 
-- Found rclcpp: 28.1.13 (/opt/ros/jazzy/share/rclcpp/cmake)
-- Found rosidl_generator_c: 4.6.6 (/opt/ros/jazzy/share/rosidl_generator_c/cmake)
-- Found rosidl_generator_cpp: 4.6.6 (/opt/ros/jazzy/share/rosidl_generator_cpp/cmake)
-- Using all available rosidl_typesupport_c: rosidl_typesupport_fastrtps_c;rosidl_typesupport_introspection_c
-- Using all available rosidl_typesupport_cpp: rosidl_typesupport_fastrtps_cpp;rosidl_typesupport_introspection_cpp
-- Found rmw_implementation_cmake: 7.3.2 (/opt/ros/jazzy/share/rmw_implementation_cmake/cmake)
-- Found rmw_fastrtps_cpp: 8.4.3 (/opt/ros/jazzy/share/rmw_fastrtps_cpp/cmake)
-- Found OpenSSL: /usr/lib/x86_64-linux-gnu/libcrypto.so (found version "3.0.13")  
-- Found FastRTPS: /opt/ros/jazzy/include (Required is at least version "2.13") 
-- Using RMW implementation 'rmw_fastrtps_cpp' as default
-- Found std_msgs: 5.3.6 (/opt/ros/jazzy/share/std_msgs/cmake)
-- Found geometry_msgs: 5.3.6 (/opt/ros/jazzy/share/geometry_msgs/cmake)
-- Found rosidl_default_generators: 1.6.0 (/opt/ros/jazzy/share/rosidl_default_generators/cmake)
-- Found rosidl_adapter: 4.6.6 (/opt/ros/jazzy/share/rosidl_adapter/cmake)
-- Found ament_cmake_ros: 0.12.0 (/opt/ros/jazzy/share/ament_cmake_ros/cmake)
-- Using all available rosidl_typesupport_c: rosidl_typesupport_fastrtps_c;rosidl_typesupport_introspection_c
-- Using all available rosidl_typesupport_cpp: rosidl_typesupport_fastrtps_cpp;rosidl_typesupport_introspection_cpp
-- Found python_cmake_module: 0.11.1 (/opt/ros/jazzy/share/python_cmake_module/cmake)
-- Found PythonExtra: /usr/bin/python3  
-- Found Python3: /usr/bin/python3 (found version "3.12.3") found components: Interpreter Development NumPy Development.Module Development.Embed 
-- Found ament_lint_auto: 0.17.3 (/opt/ros/jazzy/share/ament_lint_auto/cmake)
-- Added test 'lint_cmake' to check CMake code style
-- Added test 'xmllint' to check XML markup files
-- Configuring done (3.6s)
-- Generating done (0.0s)
-- Build files have been written to: /home/zakaria/grasp_planner/build/grasp_planner_msgs
[  2%] [34m[1mGenerating type hashes for ROS interfaces[0m
[  2%] Built target ament_cmake_python_copy_grasp_planner_msgs
[  2%] Built target grasp_planner_msgs__rosidl_generator_type_description
[  5%] [34m[1mGenerating C code for ROS interfaces[0m
[  8%] [34m[1mGenerating C++ code for ROS interfaces[0m
running egg_info
creating grasp_planner_msgs.egg-info
writing grasp_planner_msgs.egg-info/PKG-INFO
writing dependency_links to grasp_planner_msgs.egg-info/dependency_links.txt
writing top-level names to grasp_planner_msgs.egg-info/top_level.txt
writing manifest file 'grasp_planner_msgs.egg-info/SOURCES.txt'
reading manifest file 'grasp_planner_msgs.egg-info/SOURCES.txt'
writing manifest file 'grasp_planner_msgs.egg-info/SOURCES.txt'
[  8%] Built target ament_cmake_python_build_grasp_planner_msgs_egg
[ 11%] [32mBuilding C object CMakeFiles/grasp_planner_msgs__rosidl_generator_c.dir/rosidl_generator_c/grasp_planner_msgs/srv/detail/plan_grasp__description.c.o[0m
[ 17%] [32mBuilding C object CMakeFiles/grasp_planner_msgs__rosidl_generator_c.dir/rosidl_generator_c/grasp_planner_msgs/srv/detail/plan_grasp__type_support.c.o[0m
[ 17%] [32mBuilding C object CMakeFiles/grasp_planner_msgs__rosidl_generator_c.dir/rosidl_generator_c/grasp_planner_msgs/srv/detail/plan_grasp__functions.c.o[0m
[ 17%] Built target grasp_planner_msgs__cpp
[ 20%] [32m[1mLinking C shared library libgrasp_planner_msgs__rosidl_generator_c.so[0m
[ 20%] Built target grasp_planner_msgs__rosidl_generator_c
[ 23%] [34m[1mGenerating C type support for eProsima Fast-RTPS[0m
[ 35%] [34m[1mGenerating C++ type support dispatch for ROS interfaces[0m
[ 35%] [34m[1mGenerating C introspection for ROS interfaces[0m
[ 35%] [34m[1mGenerating C type support dispatch for ROS interfaces[0m
[ 35%] [34m[1mGenerating C++ type support for eProsima Fast-RTPS[0m
[ 38%] [34m[1mGenerating C++ introspection for ROS interfaces[0m
[ 41%] [32mBuilding CXX object CMakeFiles/grasp_planner_msgs__rosidl_typesupport_cpp.dir/rosidl_typesupport_cpp/grasp_planner_msgs/srv/plan_grasp__type_support.cpp.o[0m
[ 44%] [32mBuilding CXX object CMakeFiles/grasp_planner_msgs__rosidl_typesupport_c.dir/rosidl_typesupport_c/grasp_planner_msgs/srv/plan_grasp__type_support.cpp.o[0m
[ 47%] [32m[1mLinking CXX shared library libgrasp_planner_msgs__rosidl_typesupport_c.so[0m
[ 50%] [32mBuilding CXX object CMakeFiles/grasp_planner_msgs__rosidl_typesupport_introspection_cpp.dir/rosidl_typesupport_introspection_cpp/grasp_planner_msgs/srv/detail/plan_grasp__type_support.cpp.o[0m
[ 52%] [32mBuilding C object CMakeFiles/grasp_planner_msgs__rosidl_typesupport_introspection_c.dir/rosidl_typesupport_introspection_c/grasp_planner_msgs/srv/detail/plan_grasp__type_support.c.o[0m
[ 55%] [32mBuilding CXX object CMakeFiles/grasp_planner_msgs__rosidl_typesupport_fastrtps_cpp.dir/rosidl_typesupport_fastrtps_cpp/grasp_planner_msgs/srv/detail/dds_fastrtps/plan_grasp__type_support.cpp.o[0m
[ 55%] Built target grasp_planner_msgs__rosidl_typesupport_c
[ 58%] [32mBuilding CXX object CMakeFiles/grasp_planner_msgs__rosidl_typesupport_fastrtps_c.dir/rosidl_typesupport_fastrtps_c/grasp_planner_msgs/srv/detail/plan_grasp__type_support_c.cpp.o[0m
[ 61%] [32m[1mLinking C shared library libgrasp_planner_msgs__rosidl_typesupport_introspection_c.so[0m
[ 61%] Built target grasp_planner_msgs__rosidl_typesupport_introspection_c
[ 64%] [32m[1mLinking CXX shared library libgrasp_planner_msgs__rosidl_typesupport_cpp.so[0m
[ 64%] Built target grasp_planner_msgs__rosidl_typesupport_cpp
[ 67%] [32m[1mLinking CXX shared library libgrasp_planner_msgs__rosidl_typesupport_fastrtps_c.so[0m
[ 67%] Built target grasp_planner_msgs__rosidl_typesupport_fastrtps_c
[ 70%] [32m[1mLinking CXX shared library libgrasp_planner_msgs__rosidl_typesupport_introspection_cpp.so[0m
[ 70%] Built target grasp_planner_msgs__rosidl_typesupport_introspection_cpp
[ 73%] [32m[1mLinking CXX shared library libgrasp_planner_msgs__rosidl_typesupport_fastrtps_cpp.so[0m
[ 73%] Built target grasp_planner_msgs__rosidl_typesupport_fastrtps_cpp
[ 73%] Built target grasp_planner_msgs
[ 76%] [34m[1mGenerating Python code for ROS interfaces[0m
[ 76%] Built target grasp_planner_msgs__py
[ 79%] [32mBuilding C object CMakeFiles/grasp_planner_msgs__rosidl_generator_py.dir/rosidl_generator_py/grasp_planner_msgs/srv/_plan_grasp_s.c.o[0m
[ 82%] [32m[1mLinking C shared library libgrasp_planner_msgs__rosidl_generator_py.so[0m
[ 82%] Built target grasp_planner_msgs__rosidl_generator_py
[ 91%] [32mBuilding C object CMakeFiles/grasp_planner_msgs_s__rosidl_typesupport_c.dir/rosidl_generator_py/grasp_planner_msgs/_grasp_planner_msgs_s.ep.rosidl_typesupport_c.c.o[0m
[ 91%] [32mBuilding C object CMakeFiles/grasp_planner_msgs_s__rosidl_typesupport_fastrtps_c.dir/rosidl_generator_py/grasp_planner_msgs/_grasp_planner_msgs_s.ep.rosidl_typesupport_fastrtps_c.c.o[0m
[ 91%] [32mBuilding C object CMakeFiles/grasp_planner_msgs_s__rosidl_typesupport_introspection_c.dir/rosidl_generator_py/grasp_planner_msgs/_grasp_planner_msgs_s.ep.rosidl_typesupport_introspection_c.c.o[0m
[ 94%] [32m[1mLinking C shared module rosidl_generator_py/grasp_planner_msgs/grasp_planner_msgs_s__rosidl_typesupport_c.so[0m
[ 94%] Built target grasp_planner_msgs_s__rosidl_typesupport_c
[ 97%] [32m[1mLinking C shared module rosidl_generator_py/grasp_planner_msgs/grasp_planner_msgs_s__rosidl_typesupport_introspection_c.so[0m
[100%] [32m[1mLinking C shared module rosidl_generator_py/grasp_planner_msgs/grasp_planner_msgs_s__rosidl_typesupport_fastrtps_c.so[0m
[100%] Built target grasp_planner_msgs_s__rosidl_typesupport_introspection_c
[100%] Built target grasp_planner_msgs_s__rosidl_typesupport_fastrtps_c
-- Install configuration: ""
-- Installing: /home/zakaria/grasp_planner/install/grasp_planner_msgs/share/ament_index/resource_index/rosidl_interfaces/grasp_planner_msgs
-- Installing: /home/zakaria/grasp_planner/install/grasp_planner_msgs/share/grasp_planner_msgs/srv/PlanGrasp.json
-- Installing: /home/zakaria/grasp_planner/install/grasp_planner_msgs/include/grasp_planner_msgs/grasp_planner_msgs
-- Installing: /home/zakaria/grasp_planner/install/grasp_planner_msgs/include/grasp_planner_msgs/grasp_planner_msgs/msg
-- Installing: /home/zakaria/grasp_planner/install/grasp_planner_msgs/include/grasp_planner_msgs/grasp_planner_msgs/msg/rosidl_generator_c__visibility_control.h
-- Installing: /home/zakaria/grasp_planner/install/grasp_planner_msgs/include/grasp_planner_msgs/grasp_planner_msgs/srv
-- Installing: /home/zakaria/grasp_planner/install/grasp_planner_msgs/include/grasp_planner_msgs/grasp_planner_msgs/srv/detail
-- Installing: /home/zakaria/grasp_planner/install/grasp_planner_msgs/include/grasp_planner_msgs/grasp_planner_msgs/srv/detail/plan_grasp__type_support.c
-- Installing: /home/zakaria/grasp_planner/install/grasp_planner_msgs/include/grasp_planner_msgs/grasp_planner_msgs/srv/detail/plan_grasp__struct.h
-- Installing: /home/zakaria/grasp_planner/install/grasp_planner_msgs/include/grasp_planner_msgs/grasp_planner_msgs/srv/detail/plan_grasp__functions.c
-- Installing: /home/zakaria/grasp_planner/install/grasp_planner_msgs/include/grasp_planner_msgs/grasp_planner_msgs/srv/detail/plan_grasp__type_support.h
-- Installing: /home/zakaria/grasp_planner/install/grasp_planner_msgs/include/grasp_planner_msgs/grasp_planner_msgs/srv/detail/plan_grasp__description.c
-- Installing: /home/zakaria/grasp_planner/install/grasp_planner_msgs/include/grasp_planner_msgs/grasp_planner_msgs/srv/detail/plan_grasp__functions.h
-- Installing: /home/zakaria/grasp_planner/install/grasp_planner_msgs/include/grasp_planner_msgs/grasp_planner_msgs/srv/plan_grasp.h
-- Installing: /home/zakaria/grasp_planner/install/grasp_planner_msgs/share/grasp_planner_msgs/environment/library_path.sh
-- Installing: /home/zakaria/grasp_planner/install/grasp_planner_msgs/share/grasp_planner_msgs/environment/library_path.dsv
-- Installing: /home/zakaria/grasp_planner/install/grasp_planner_msgs/lib/libgrasp_planner_msgs__rosidl_generator_c.so
-- Up-to-date: /home/zakaria/grasp_planner/install/grasp_planner_msgs/include/grasp_planner_msgs/grasp_planner_msgs
-- Up-to-date: /home/zakaria/grasp_planner/install/grasp_planner_msgs/include/grasp_planner_msgs/grasp_planner_msgs/msg
-- Installing: /home/zakaria/grasp_planner/install/grasp_planner_msgs/include/grasp_planner_msgs/grasp_planner_msgs/msg/rosidl_typesupport_fastrtps_c__visibility_control.h
-- Up-to-date: /home/zakaria/grasp_planner/install/grasp_planner_msgs/include/grasp_planner_msgs/grasp_planner_msgs/srv
-- Up-to-date: /home/zakaria/grasp_planner/install/grasp_planner_msgs/include/grasp_planner_msgs/grasp_planner_msgs/srv/detail
-- Installing: /home/zakaria/grasp_planner/install/grasp_planner_msgs/include/grasp_planner_msgs/grasp_planner_msgs/srv/detail/plan_grasp__rosidl_typesupport_fastrtps_c.h
-- Installing: /home/zakaria/grasp_planner/install/grasp_planner_msgs/lib/libgrasp_planner_msgs__rosidl_typesupport_fastrtps_c.so
-- Set non-toolchain portion of runtime path of "/home/zakaria/grasp_planner/install/grasp_planner_msgs/lib/libgrasp_planner_msgs__rosidl_typesupport_fastrtps_c.so" to ""
-- Up-to-date: /home/zakaria/grasp_planner/install/grasp_planner_msgs/include/grasp_planner_msgs/grasp_planner_msgs
-- Up-to-date: /home/zakaria/grasp_planner/install/grasp_planner_msgs/include/grasp_planner_msgs/grasp_planner_msgs/msg
-- Installing: /home/zakaria/grasp_planner/install/grasp_planner_msgs/include/grasp_planner_msgs/grasp_planner_msgs/msg/rosidl_generator_cpp__visibility_control.hpp
-- Up-to-date: /home/zakaria/grasp_planner/install/grasp_planner_msgs/include/grasp_planner_msgs/grasp_planner_msgs/srv
-- Up-to-date: /home/zakaria/grasp_planner/install/grasp_planner_msgs/include/grasp_planner_msgs/grasp_planner_msgs/srv/detail
-- Installing: /home/zakaria/grasp_planner/install/grasp_planner_msgs/include/grasp_planner_msgs/grasp_planner_msgs/srv/detail/plan_grasp__builder.hpp
-- Installing: /home/zakaria/grasp_planner/install/grasp_planner_msgs/include/grasp_planner_msgs/grasp_planner_msgs/srv/detail/plan_grasp__traits.hpp
-- Installing: /home/zakaria/grasp_planner/install/grasp_planner_msgs/include/grasp_planner_msgs/grasp_planner_msgs/srv/detail/plan_grasp__struct.hpp
-- Installing: /home/zakaria/grasp_planner/install/grasp_planner_msgs/include/grasp_planner_msgs/grasp_planner_msgs/srv/detail/plan_grasp__type_support.hpp
-- Installing: /home/zakaria/grasp_planner/install/grasp_planner_msgs/include/grasp_planner_msgs/grasp_planner_msgs/srv/plan_grasp.hpp
-- Up-to-date: /home/zakaria/grasp_planner/install/grasp_planner_msgs/include/grasp_planner_msgs/grasp_planner_msgs
-- Up-to-date: /home/zakaria/grasp_planner/install/grasp_planner_msgs/include/grasp_planner_msgs/grasp_planner_msgs/msg
-- Installing: /home/zakaria/grasp_planner/install/grasp_planner_msgs/include/grasp_planner_msgs/grasp_planner_msgs/msg/rosidl_typesupport_fastrtps_cpp__visibility_control.h
-- Up-to-date: /home/zakaria/grasp_planner/install/grasp_planner_msgs/include/grasp_planner_msgs/grasp_planner_msgs/srv
-- Up-to-date: /home/zakaria/grasp_planner/install/grasp_planner_msgs/include/grasp_planner_msgs/grasp_planner_msgs/srv/detail
-- Installing: /home/zakaria/grasp_planner/install/grasp_planner_msgs/include/grasp_planner_msgs/grasp_planner_msgs/srv/detail/dds_fastrtps
-- Installing: /home/zakaria/grasp_planner/install/grasp_planner_msgs/include/grasp_planner_msgs/grasp_planner_msgs/srv/detail/plan_grasp__rosidl_typesupport_fastrtps_cpp.hpp
-- Installing: /home/zakaria/grasp_planner/install/grasp_planner_msgs/lib/libgrasp_planner_msgs__rosidl_typesupport_fastrtps_cpp.so
-- Set non-toolchain portion of runtime path of "/home/zakaria/grasp_planner/install/grasp_planner_msgs/lib/libgrasp_planner_msgs__rosidl_typesupport_fastrtps_cpp.so" to ""
-- Up-to-date: /home/zakaria/grasp_planner/install/grasp_planner_msgs/include/grasp_planner_msgs/grasp_planner_msgs
-- Up-to-date: /home/zakaria/grasp_planner/install/grasp_planner_msgs/include/grasp_planner_msgs/grasp_planner_msgs/msg
-- Installing: /home/zakaria/grasp_planner/install/grasp_planner_msgs/include/grasp_planner_msgs/grasp_planner_msgs/msg/rosidl_typesupport_introspection_c__visibility_control.h
-- Up-to-date: /home/zakaria/grasp_planner/install/grasp_planner_msgs/include/grasp_planner_msgs/grasp_planner_msgs/srv
-- Up-to-date: /home/zakaria/grasp_planner/install/grasp_planner_msgs/include/grasp_planner_msgs/grasp_planner_msgs/srv/detail
-- Installing: /home/zakaria/grasp_planner/install/grasp_planner_msgs/include/grasp_planner_msgs/grasp_planner_msgs/srv/detail/plan_grasp__type_support.c
-- Installing: /home/zakaria/grasp_planner/install/grasp_planner_msgs/include/grasp_planner_msgs/grasp_planner_msgs/srv/detail/plan_grasp__rosidl_typesupport_introspection_c.h
-- Installing: /home/zakaria/grasp_planner/install/grasp_planner_msgs/lib/libgrasp_planner_msgs__rosidl_typesupport_introspection_c.so
-- Set non-toolchain portion of runtime path of "/home/zakaria/grasp_planner/install/grasp_planner_msgs/lib/libgrasp_planner_msgs__rosidl_typesupport_introspection_c.so" to ""
-- Installing: /home/zakaria/grasp_planner/install/grasp_planner_msgs/lib/libgrasp_planner_msgs__rosidl_typesupport_c.so
-- Set non-toolchain portion of runtime path of "/home/zakaria/grasp_planner/install/grasp_planner_msgs/lib/libgrasp_planner_msgs__rosidl_typesupport_c.so" to ""
-- Up-to-date: /home/zakaria/grasp_planner/install/grasp_planner_msgs/include/grasp_planner_msgs/grasp_planner_msgs
-- Up-to-date: /home/zakaria/grasp_planner/install/grasp_planner_msgs/include/grasp_planner_msgs/grasp_planner_msgs/srv
-- Up-to-date: /home/zakaria/grasp_planner/install/grasp_planner_msgs/include/grasp_planner_msgs/grasp_planner_msgs/srv/detail
-- Installing: /home/zakaria/grasp_planner/install/grasp_planner_msgs/include/grasp_planner_msgs/grasp_planner_msgs/srv/detail/plan_grasp__type_support.cpp
-- Installing: /home/zakaria/grasp_planner/install/grasp_planner_msgs/include/grasp_planner_msgs/grasp_planner_msgs/srv/detail/plan_grasp__rosidl_typesupport_introspection_cpp.hpp
-- Installing: /home/zakaria/grasp_planner/install/grasp_planner_msgs/lib/libgrasp_planner_msgs__rosidl_typesupport_introspection_cpp.so
-- Set non-toolchain portion of runtime path of "/home/zakaria/grasp_planner/install/grasp_planner_msgs/lib/libgrasp_planner_msgs__rosidl_typesupport_introspection_cpp.so" to ""
-- Installing: /home/zakaria/grasp_planner/install/grasp_planner_msgs/lib/libgrasp_planner_msgs__rosidl_typesupport_cpp.so
-- Set non-toolchain portion of runtime path of "/home/zakaria/grasp_planner/install/grasp_planner_msgs/lib/libgrasp_planner_msgs__rosidl_typesupport_cpp.so" to ""
-- Installing: /home/zakaria/grasp_planner/install/grasp_planner_msgs/share/grasp_planner_msgs/environment/pythonpath.sh
-- Installing: /home/zakaria/grasp_planner/install/grasp_planner_msgs/share/grasp_planner_msgs/environment/pythonpath.dsv
-- Installing: /home/zakaria/grasp_planner/install/grasp_planner_msgs/lib/python3.12/site-packages/grasp_planner_msgs-0.0.0-py3.12.egg-info
-- Installing: /home/zakaria/grasp_planner/install/grasp_planner_msgs/lib/python3.12/site-packages/grasp_planner_msgs-0.0.0-py3.12.egg-info/SOURCES.txt
-- Installing: /home/zakaria/grasp_planner/install/grasp_planner_msgs/lib/python3.12/site-packages/grasp_planner_msgs-0.0.0-py3.12.egg-info/dependency_links.txt
-- Installing: /home/zakaria/grasp_planner/install/grasp_planner_msgs/lib/python3.12/site-packages/grasp_planner_msgs-0.0.0-py3.12.egg-info/top_level.txt
-- Installing: /home/zakaria/grasp_planner/install/grasp_planner_msgs/lib/python3.12/site-packages/grasp_planner_msgs-0.0.0-py3.12.egg-info/PKG-INFO
-- Installing: /home/zakaria/grasp_planner/install/grasp_planner_msgs/lib/python3.12/site-packages/grasp_planner_msgs
-- Installing: /home/zakaria/grasp_planner/install/grasp_planner_msgs/lib/python3.12/site-packages/grasp_planner_msgs/_grasp_planner_msgs_s.ep.rosidl_typesupport_fastrtps_c.c
-- Installing: /home/zakaria/grasp_planner/install/grasp_planner_msgs/lib/python3.12/site-packages/grasp_planner_msgs/__init__.py
-- Installing: /home/zakaria/grasp_planner/install/grasp_planner_msgs/lib/python3.12/site-packages/grasp_planner_msgs/grasp_planner_msgs_s__rosidl_typesupport_fastrtps_c.so
-- Installing: /home/zakaria/grasp_planner/install/grasp_planner_msgs/lib/python3.12/site-packages/grasp_planner_msgs/_grasp_planner_msgs_s.ep.rosidl_typesupport_c.c
-- Installing: /home/zakaria/grasp_planner/install/grasp_planner_msgs/lib/python3.12/site-packages/grasp_planner_msgs/srv
-- Installing: /home/zakaria/grasp_planner/install/grasp_planner_msgs/lib/python3.12/site-packages/grasp_planner_msgs/srv/__init__.py
-- Installing: /home/zakaria/grasp_planner/install/grasp_planner_msgs/lib/python3.12/site-packages/grasp_planner_msgs/srv/_plan_grasp_s.c
-- Installing: /home/zakaria/grasp_planner/install/grasp_planner_msgs/lib/python3.12/site-packages/grasp_planner_msgs/srv/_plan_grasp.py
-- Installing: /home/zakaria/grasp_planner/install/grasp_planner_msgs/lib/python3.12/site-packages/grasp_planner_msgs/_grasp_planner_msgs_s.ep.rosidl_typesupport_introspection_c.c
-- Installing: /home/zakaria/grasp_planner/install/grasp_planner_msgs/lib/python3.12/site-packages/grasp_planner_msgs/grasp_planner_msgs_s__rosidl_typesupport_introspection_c.so
-- Installing: /home/zakaria/grasp_planner/install/grasp_planner_msgs/lib/python3.12/site-packages/grasp_planner_msgs/grasp_planner_msgs_s__rosidl_typesupport_c.so
Listing '/home/zakaria/grasp_planner/install/grasp_planner_msgs/lib/python3.12/site-packages/grasp_planner_msgs'...
Compiling '/home/zakaria/grasp_planner/install/grasp_planner_msgs/lib/python3.12/site-packages/grasp_planner_msgs/__init__.py'...
Listing '/home/zakaria/grasp_planner/install/grasp_planner_msgs/lib/python3.12/site-packages/grasp_planner_msgs/srv'...
Compiling '/home/zakaria/grasp_planner/install/grasp_planner_msgs/lib/python3.12/site-packages/grasp_planner_msgs/srv/__init__.py'...
Compiling '/home/zakaria/grasp_planner/install/grasp_planner_msgs/lib/python3.12/site-packages/grasp_planner_msgs/srv/_plan_grasp.py'...
-- Installing: /home/zakaria/grasp_planner/install/grasp_planner_msgs/lib/python3.12/site-packages/grasp_planner_msgs/grasp_planner_msgs_s__rosidl_typesupport_fastrtps_c.so
-- Set non-toolchain portion of runtime path of "/home/zakaria/grasp_planner/install/grasp_planner_msgs/lib/python3.12/site-packages/grasp_planner_msgs/grasp_planner_msgs_s__rosidl_typesupport_fastrtps_c.so" to ""
-- Installing: /home/zakaria/grasp_planner/install/grasp_planner_msgs/lib/python3.12/site-packages/grasp_planner_msgs/grasp_planner_msgs_s__rosidl_typesupport_introspection_c.so
-- Set non-toolchain portion of runtime path of "/home/zakaria/grasp_planner/install/grasp_planner_msgs/lib/python3.12/site-packages/grasp_planner_msgs/grasp_planner_msgs_s__rosidl_typesupport_introspection_c.so" to ""
-- Installing: /home/zakaria/grasp_planner/install/grasp_planner_msgs/lib/python3.12/site-packages/grasp_planner_msgs/grasp_planner_msgs_s__rosidl_typesupport_c.so
-- Set non-toolchain portion of runtime path of "/home/zakaria/grasp_planner/install/grasp_planner_msgs/lib/python3.12/site-packages/grasp_planner_msgs/grasp_planner_msgs_s__rosidl_typesupport_c.so" to ""
-- Installing: /home/zakaria/grasp_planner/install/grasp_planner_msgs/lib/libgrasp_planner_msgs__rosidl_generator_py.so
-- Set non-toolchain portion of runtime path of "/home/zakaria/grasp_planner/install/grasp_planner_msgs/lib/libgrasp_planner_msgs__rosidl_generator_py.so" to ""
-- Installing: /home/zakaria/grasp_planner/install/grasp_planner_msgs/share/grasp_planner_msgs/srv/PlanGrasp.idl
-- Installing: /home/zakaria/grasp_planner/install/grasp_planner_msgs/share/grasp_planner_msgs/srv/PlanGrasp.srv
-- Installing: /home/zakaria/grasp_planner/install/grasp_planner_msgs/share/ament_index/resource_index/package_run_dependencies/grasp_planner_msgs
-- Installing: /home/zakaria/grasp_planner/install/grasp_planner_msgs/share/ament_index/resource_index/parent_prefix_path/grasp_planner_msgs
-- Installing: /home/zakaria/grasp_planner/install/grasp_planner_msgs/share/grasp_planner_msgs/environment/ament_prefix_path.sh
-- Installing: /home/zakaria/grasp_planner/install/grasp_planner_msgs/share/grasp_planner_msgs/environment/ament_prefix_path.dsv
-- Installing: /home/zakaria/grasp_planner/install/grasp_planner_msgs/share/grasp_planner_msgs/environment/path.sh
-- Installing: /home/zakaria/grasp_planner/install/grasp_planner_msgs/share/grasp_planner_msgs/environment/path.dsv
-- Installing: /home/zakaria/grasp_planner/install/grasp_planner_msgs/share/grasp_planner_msgs/local_setup.bash
-- Installing: /home/zakaria/grasp_planner/install/grasp_planner_msgs/share/grasp_planner_msgs/local_setup.sh
-- Installing: /home/zakaria/grasp_planner/install/grasp_planner_msgs/share/grasp_planner_msgs/local_setup.zsh
-- Installing: /home/zakaria/grasp_planner/install/grasp_planner_msgs/share/grasp_planner_msgs/local_setup.dsv
-- Installing: /home/zakaria/grasp_planner/install/grasp_planner_msgs/share/grasp_planner_msgs/package.dsv
-- Installing: /home/zakaria/grasp_planner/install/grasp_planner_msgs/share/ament_index/resource_index/packages/grasp_planner_msgs
-- Installing: /home/zakaria/grasp_planner/install/grasp_planner_msgs/share/grasp_planner_msgs/cmake/export_grasp_planner_msgs__rosidl_generator_cExport.cmake
-- Installing: /home/zakaria/grasp_planner/install/grasp_planner_msgs/share/grasp_planner_msgs/cmake/export_grasp_planner_msgs__rosidl_generator_cExport-noconfig.cmake
-- Installing: /home/zakaria/grasp_planner/install/grasp_planner_msgs/share/grasp_planner_msgs/cmake/export_grasp_planner_msgs__rosidl_typesupport_fastrtps_cExport.cmake
-- Installing: /home/zakaria/grasp_planner/install/grasp_planner_msgs/share/grasp_planner_msgs/cmake/export_grasp_planner_msgs__rosidl_typesupport_fastrtps_cExport-noconfig.cmake
-- Installing: /home/zakaria/grasp_planner/install/grasp_planner_msgs/share/grasp_planner_msgs/cmake/export_grasp_planner_msgs__rosidl_generator_cppExport.cmake
-- Installing: /home/zakaria/grasp_planner/install/grasp_planner_msgs/share/grasp_planner_msgs/cmake/export_grasp_planner_msgs__rosidl_typesupport_fastrtps_cppExport.cmake
-- Installing: /home/zakaria/grasp_planner/install/grasp_planner_msgs/share/grasp_planner_msgs/cmake/export_grasp_planner_msgs__rosidl_typesupport_fastrtps_cppExport-noconfig.cmake
-- Installing: /home/zakaria/grasp_planner/install/grasp_planner_msgs/share/grasp_planner_msgs/cmake/grasp_planner_msgs__rosidl_typesupport_introspection_cExport.cmake
-- Installing: /home/zakaria/grasp_planner/install/grasp_planner_msgs/share/grasp_planner_msgs/cmake/grasp_planner_msgs__rosidl_typesupport_introspection_cExport-noconfig.cmake
-- Installing: /home/zakaria/grasp_planner/install/grasp_planner_msgs/share/grasp_planner_msgs/cmake/grasp_planner_msgs__rosidl_typesupport_cExport.cmake
-- Installing: /home/zakaria/grasp_planner/install/grasp_planner_msgs/share/grasp_planner_msgs/cmake/grasp_planner_msgs__rosidl_typesupport_cExport-noconfig.cmake
-- Installing: /home/zakaria/grasp_planner/install/grasp_planner_msgs/share/grasp_planner_msgs/cmake/grasp_planner_msgs__rosidl_typesupport_introspection_cppExport.cmake
-- Installing: /home/zakaria/grasp_planner/install/grasp_planner_msgs/share/grasp_planner_msgs/cmake/grasp_planner_msgs__rosidl_typesupport_introspection_cppExport-noconfig.cmake
-- Installing: /home/zakaria/grasp_planner/install/grasp_planner_msgs/share/grasp_planner_msgs/cmake/grasp_planner_msgs__rosidl_typesupport_cppExport.cmake
-- Installing: /home/zakaria/grasp_planner/install/grasp_planner_msgs/share/grasp_planner_msgs/cmake/grasp_planner_msgs__rosidl_typesupport_cppExport-noconfig.cmake
-- Installing: /home/zakaria/grasp_planner/install/grasp_planner_msgs/share/grasp_planner_msgs/cmake/export_grasp_planner_msgs__rosidl_generator_pyExport.cmake
-- Installing: /home/zakaria/grasp_planner/install/grasp_planner_msgs/share/grasp_planner_msgs/cmake/export_grasp_planner_msgs__rosidl_generator_pyExport-noconfig.cmake
-- Installing: /home/zakaria/grasp_planner/install/grasp_planner_msgs/share/grasp_planner_msgs/cmake/rosidl_cmake-extras.cmake
-- Installing: /home/zakaria/grasp_planner/install/grasp_planner_msgs/share/grasp_planner_msgs/cmake/ament_cmake_export_dependencies-extras.cmake
-- Installing: /home/zakaria/grasp_planner/install/grasp_planner_msgs/share/grasp_planner_msgs/cmake/ament_cmake_export_include_directories-extras.cmake
-- Installing: /home/zakaria/grasp_planner/install/grasp_planner_msgs/share/grasp_planner_msgs/cmake/ament_cmake_export_libraries-extras.cmake
-- Installing: /home/zakaria/grasp_planner/install/grasp_planner_msgs/share/grasp_planner_msgs/cmake/ament_cmake_export_targets-extras.cmake
-- Installing: /home/zakaria/grasp_planner/install/grasp_planner_msgs/share/grasp_planner_msgs/cmake/rosidl_cmake_export_typesupport_targets-extras.cmake
-- Installing: /home/zakaria/grasp_planner/install/grasp_planner_msgs/share/grasp_planner_msgs/cmake/rosidl_cmake_export_typesupport_libraries-extras.cmake
-- Installing: /home/zakaria/grasp_planner/install/grasp_planner_msgs/share/grasp_planner_msgs/cmake/grasp_planner_msgsConfig.cmake
-- Installing: /home/zakaria/grasp_planner/install/grasp_planner_msgs/share/grasp_planner_msgs/cmake/grasp_planner_msgsConfig-version.cmake
-- Installing: /home/zakaria/grasp_planner/install/grasp_planner_msgs/share/grasp_planner_msgs/package.xml
