[0.012s] Invoking command in '/home/zakaria/grasp_planner/build/grasp_planner_msgs': CMAKE_PREFIX_PATH=/home/zakaria/workspace/ros/install/ur_description:/home/zakaria/workspace/ros/install/robotiq_description:/home/zakaria/workspace/ros/install/iai_tracy_ur:/home/zakaria/workspace/ros/install/iai_tracy_description:/home/zakaria/workspace/ros/install/iai_tracy_bringup:/home/zakaria/workspace/ros/install/giskardpy_ros:/opt/ros/jazzy:/home/zakaria/workspace/ros/install/iai_tracy:/home/zakaria/workspace/ros/install/iai_shelves:/home/zakaria/workspace/ros/install/iai_semantic_maps:/home/zakaria/workspace/ros/install/iai_refills_lab:/home/zakaria/workspace/ros/install/iai_pr2:/home/zakaria/workspace/ros/install/iai_pr2_description:/home/zakaria/workspace/ros/install/iai_maps:/home/zakaria/workspace/ros/install/iai_kitchen_defs:/home/zakaria/workspace/ros/install/iai_kitchen:/home/zakaria/workspace/ros/install/iai_apartment:/home/zakaria/workspace/ros/install/giskard_msgs:/home/zakaria/workspace/ros/install/chemistry_laboratory:/opt/ros/jazzy/opt/gz_sim_vendor:/opt/ros/jazzy/opt/gz_sensors_vendor:/opt/ros/jazzy/opt/gz_physics_vendor:/opt/ros/jazzy/opt/sdformat_vendor:/opt/ros/jazzy/opt/gz_gui_vendor:/opt/ros/jazzy/opt/gz_transport_vendor:/opt/ros/jazzy/opt/gz_rendering_vendor:/opt/ros/jazzy/opt/gz_plugin_vendor:/opt/ros/jazzy/opt/gz_fuel_tools_vendor:/opt/ros/jazzy/opt/gz_msgs_vendor:/opt/ros/jazzy/opt/gz_common_vendor:/opt/ros/jazzy/opt/gz_math_vendor:/opt/ros/jazzy/opt/gz_utils_vendor:/opt/ros/jazzy/opt/gz_tools_vendor:/opt/ros/jazzy/opt/gz_ogre_next_vendor:/opt/ros/jazzy/opt/gz_dartsim_vendor:/opt/ros/jazzy/opt/gz_cmake_vendor DEBUGINFOD_URLS=https://debuginfod.ubuntu.com LDFLAGS=-L/home/zakaria/local/lib -L/home/zakaria/local/lib /usr/bin/cmake /home/zakaria/grasp_planner/src/grasp_planner_msgs -DCMAKE_INSTALL_PREFIX=/home/zakaria/grasp_planner/install/grasp_planner_msgs
[0.117s] -- The C compiler identification is GNU 13.3.0
[0.189s] -- The CXX compiler identification is GNU 13.3.0
[0.212s] -- Detecting C compiler ABI info
[0.320s] -- Detecting C compiler ABI info - done
[0.336s] -- Check for working C compiler: /usr/bin/cc - skipped
[0.336s] -- Detecting C compile features
[0.336s] -- Detecting C compile features - done
[0.346s] -- Detecting CXX compiler ABI info
[0.452s] -- Detecting CXX compiler ABI info - done
[0.465s] -- Check for working CXX compiler: /usr/bin/c++ - skipped
[0.465s] -- Detecting CXX compile features
[0.465s] -- Detecting CXX compile features - done
[0.468s] -- Found ament_cmake: 2.5.4 (/opt/ros/jazzy/share/ament_cmake/cmake)
[0.609s] -- Found Python3: /usr/bin/python3 (found version "3.12.3") found components: Interpreter 
[0.714s] -- Found rclcpp: 28.1.13 (/opt/ros/jazzy/share/rclcpp/cmake)
[0.781s] -- Found rosidl_generator_c: 4.6.6 (/opt/ros/jazzy/share/rosidl_generator_c/cmake)
[0.800s] -- Found rosidl_generator_cpp: 4.6.6 (/opt/ros/jazzy/share/rosidl_generator_cpp/cmake)
[0.814s] -- Using all available rosidl_typesupport_c: rosidl_typesupport_fastrtps_c;rosidl_typesupport_introspection_c
[0.830s] -- Using all available rosidl_typesupport_cpp: rosidl_typesupport_fastrtps_cpp;rosidl_typesupport_introspection_cpp
[0.895s] -- Found rmw_implementation_cmake: 7.3.2 (/opt/ros/jazzy/share/rmw_implementation_cmake/cmake)
[0.898s] -- Found rmw_fastrtps_cpp: 8.4.3 (/opt/ros/jazzy/share/rmw_fastrtps_cpp/cmake)
[0.997s] -- Found OpenSSL: /usr/lib/x86_64-linux-gnu/libcrypto.so (found version "3.0.13")  
[1.018s] -- Found FastRTPS: /opt/ros/jazzy/include (Required is at least version "2.13") 
[1.041s] -- Using RMW implementation 'rmw_fastrtps_cpp' as default
[1.122s] -- Found std_msgs: 5.3.6 (/opt/ros/jazzy/share/std_msgs/cmake)
[1.134s] -- Found geometry_msgs: 5.3.6 (/opt/ros/jazzy/share/geometry_msgs/cmake)
[1.146s] -- Found rosidl_default_generators: 1.6.0 (/opt/ros/jazzy/share/rosidl_default_generators/cmake)
[1.160s] -- Found rosidl_adapter: 4.6.6 (/opt/ros/jazzy/share/rosidl_adapter/cmake)
[1.755s] -- Found ament_cmake_ros: 0.12.0 (/opt/ros/jazzy/share/ament_cmake_ros/cmake)
[2.587s] -- Using all available rosidl_typesupport_c: rosidl_typesupport_fastrtps_c;rosidl_typesupport_introspection_c
[2.917s] -- Using all available rosidl_typesupport_cpp: rosidl_typesupport_fastrtps_cpp;rosidl_typesupport_introspection_cpp
[2.926s] -- Found python_cmake_module: 0.11.1 (/opt/ros/jazzy/share/python_cmake_module/cmake)
[3.051s] -- Found PythonExtra: /usr/bin/python3  
[3.533s] -- Found Python3: /usr/bin/python3 (found version "3.12.3") found components: Interpreter Development NumPy Development.Module Development.Embed 
[3.580s] -- Found ament_lint_auto: 0.17.3 (/opt/ros/jazzy/share/ament_lint_auto/cmake)
[3.598s] -- Added test 'lint_cmake' to check CMake code style
[3.599s] -- Added test 'xmllint' to check XML markup files
[3.601s] -- Configuring done (3.6s)
[3.631s] -- Generating done (0.0s)
[3.641s] -- Build files have been written to: /home/zakaria/grasp_planner/build/grasp_planner_msgs
[3.651s] Invoked command in '/home/zakaria/grasp_planner/build/grasp_planner_msgs' returned '0': CMAKE_PREFIX_PATH=/home/zakaria/workspace/ros/install/ur_description:/home/zakaria/workspace/ros/install/robotiq_description:/home/zakaria/workspace/ros/install/iai_tracy_ur:/home/zakaria/workspace/ros/install/iai_tracy_description:/home/zakaria/workspace/ros/install/iai_tracy_bringup:/home/zakaria/workspace/ros/install/giskardpy_ros:/opt/ros/jazzy:/home/zakaria/workspace/ros/install/iai_tracy:/home/zakaria/workspace/ros/install/iai_shelves:/home/zakaria/workspace/ros/install/iai_semantic_maps:/home/zakaria/workspace/ros/install/iai_refills_lab:/home/zakaria/workspace/ros/install/iai_pr2:/home/zakaria/workspace/ros/install/iai_pr2_description:/home/zakaria/workspace/ros/install/iai_maps:/home/zakaria/workspace/ros/install/iai_kitchen_defs:/home/zakaria/workspace/ros/install/iai_kitchen:/home/zakaria/workspace/ros/install/iai_apartment:/home/zakaria/workspace/ros/install/giskard_msgs:/home/zakaria/workspace/ros/install/chemistry_laboratory:/opt/ros/jazzy/opt/gz_sim_vendor:/opt/ros/jazzy/opt/gz_sensors_vendor:/opt/ros/jazzy/opt/gz_physics_vendor:/opt/ros/jazzy/opt/sdformat_vendor:/opt/ros/jazzy/opt/gz_gui_vendor:/opt/ros/jazzy/opt/gz_transport_vendor:/opt/ros/jazzy/opt/gz_rendering_vendor:/opt/ros/jazzy/opt/gz_plugin_vendor:/opt/ros/jazzy/opt/gz_fuel_tools_vendor:/opt/ros/jazzy/opt/gz_msgs_vendor:/opt/ros/jazzy/opt/gz_common_vendor:/opt/ros/jazzy/opt/gz_math_vendor:/opt/ros/jazzy/opt/gz_utils_vendor:/opt/ros/jazzy/opt/gz_tools_vendor:/opt/ros/jazzy/opt/gz_ogre_next_vendor:/opt/ros/jazzy/opt/gz_dartsim_vendor:/opt/ros/jazzy/opt/gz_cmake_vendor DEBUGINFOD_URLS=https://debuginfod.ubuntu.com LDFLAGS=-L/home/zakaria/local/lib -L/home/zakaria/local/lib /usr/bin/cmake /home/zakaria/grasp_planner/src/grasp_planner_msgs -DCMAKE_INSTALL_PREFIX=/home/zakaria/grasp_planner/install/grasp_planner_msgs
[3.653s] Invoking command in '/home/zakaria/grasp_planner/build/grasp_planner_msgs': CMAKE_PREFIX_PATH=/home/zakaria/workspace/ros/install/ur_description:/home/zakaria/workspace/ros/install/robotiq_description:/home/zakaria/workspace/ros/install/iai_tracy_ur:/home/zakaria/workspace/ros/install/iai_tracy_description:/home/zakaria/workspace/ros/install/iai_tracy_bringup:/home/zakaria/workspace/ros/install/giskardpy_ros:/opt/ros/jazzy:/home/zakaria/workspace/ros/install/iai_tracy:/home/zakaria/workspace/ros/install/iai_shelves:/home/zakaria/workspace/ros/install/iai_semantic_maps:/home/zakaria/workspace/ros/install/iai_refills_lab:/home/zakaria/workspace/ros/install/iai_pr2:/home/zakaria/workspace/ros/install/iai_pr2_description:/home/zakaria/workspace/ros/install/iai_maps:/home/zakaria/workspace/ros/install/iai_kitchen_defs:/home/zakaria/workspace/ros/install/iai_kitchen:/home/zakaria/workspace/ros/install/iai_apartment:/home/zakaria/workspace/ros/install/giskard_msgs:/home/zakaria/workspace/ros/install/chemistry_laboratory:/opt/ros/jazzy/opt/gz_sim_vendor:/opt/ros/jazzy/opt/gz_sensors_vendor:/opt/ros/jazzy/opt/gz_physics_vendor:/opt/ros/jazzy/opt/sdformat_vendor:/opt/ros/jazzy/opt/gz_gui_vendor:/opt/ros/jazzy/opt/gz_transport_vendor:/opt/ros/jazzy/opt/gz_rendering_vendor:/opt/ros/jazzy/opt/gz_plugin_vendor:/opt/ros/jazzy/opt/gz_fuel_tools_vendor:/opt/ros/jazzy/opt/gz_msgs_vendor:/opt/ros/jazzy/opt/gz_common_vendor:/opt/ros/jazzy/opt/gz_math_vendor:/opt/ros/jazzy/opt/gz_utils_vendor:/opt/ros/jazzy/opt/gz_tools_vendor:/opt/ros/jazzy/opt/gz_ogre_next_vendor:/opt/ros/jazzy/opt/gz_dartsim_vendor:/opt/ros/jazzy/opt/gz_cmake_vendor DEBUGINFOD_URLS=https://debuginfod.ubuntu.com LDFLAGS=-L/home/zakaria/local/lib -L/home/zakaria/local/lib /usr/bin/cmake --build /home/zakaria/grasp_planner/build/grasp_planner_msgs -- -j12 -l12
[3.705s] [  2%] [34m[1mGenerating type hashes for ROS interfaces[0m
[3.716s] [  2%] Built target ament_cmake_python_copy_grasp_planner_msgs
[3.933s] [  2%] Built target grasp_planner_msgs__rosidl_generator_type_description
[3.945s] [  5%] [34m[1mGenerating C code for ROS interfaces[0m
[3.957s] [  8%] [34m[1mGenerating C++ code for ROS interfaces[0m
[3.978s] running egg_info
[3.979s] creating grasp_planner_msgs.egg-info
[3.999s] writing grasp_planner_msgs.egg-info/PKG-INFO
[3.999s] writing dependency_links to grasp_planner_msgs.egg-info/dependency_links.txt
[4.000s] writing top-level names to grasp_planner_msgs.egg-info/top_level.txt
[4.077s] writing manifest file 'grasp_planner_msgs.egg-info/SOURCES.txt'
[4.144s] reading manifest file 'grasp_planner_msgs.egg-info/SOURCES.txt'
[4.144s] writing manifest file 'grasp_planner_msgs.egg-info/SOURCES.txt'
[4.177s] [  8%] Built target ament_cmake_python_build_grasp_planner_msgs_egg
[4.272s] [ 11%] [32mBuilding C object CMakeFiles/grasp_planner_msgs__rosidl_generator_c.dir/rosidl_generator_c/grasp_planner_msgs/srv/detail/plan_grasp__description.c.o[0m
[4.276s] [ 17%] [32mBuilding C object CMakeFiles/grasp_planner_msgs__rosidl_generator_c.dir/rosidl_generator_c/grasp_planner_msgs/srv/detail/plan_grasp__type_support.c.o[0m
[4.276s] [ 17%] [32mBuilding C object CMakeFiles/grasp_planner_msgs__rosidl_generator_c.dir/rosidl_generator_c/grasp_planner_msgs/srv/detail/plan_grasp__functions.c.o[0m
[4.338s] [ 17%] Built target grasp_planner_msgs__cpp
[4.376s] [ 20%] [32m[1mLinking C shared library libgrasp_planner_msgs__rosidl_generator_c.so[0m
[4.415s] [ 20%] Built target grasp_planner_msgs__rosidl_generator_c
[4.425s] [ 23%] [34m[1mGenerating C type support for eProsima Fast-RTPS[0m
[4.428s] [ 35%] [34m[1mGenerating C++ type support dispatch for ROS interfaces[0m
[4.428s] [ 35%] [34m[1mGenerating C introspection for ROS interfaces[0m
[4.428s] [ 35%] [34m[1mGenerating C type support dispatch for ROS interfaces[0m
[4.428s] [ 35%] [34m[1mGenerating C++ type support for eProsima Fast-RTPS[0m
[4.429s] [ 38%] [34m[1mGenerating C++ introspection for ROS interfaces[0m
[4.756s] [ 41%] [32mBuilding CXX object CMakeFiles/grasp_planner_msgs__rosidl_typesupport_cpp.dir/rosidl_typesupport_cpp/grasp_planner_msgs/srv/plan_grasp__type_support.cpp.o[0m
[4.824s] [ 44%] [32mBuilding CXX object CMakeFiles/grasp_planner_msgs__rosidl_typesupport_c.dir/rosidl_typesupport_c/grasp_planner_msgs/srv/plan_grasp__type_support.cpp.o[0m
[4.880s] [ 47%] [32m[1mLinking CXX shared library libgrasp_planner_msgs__rosidl_typesupport_c.so[0m
[4.881s] [ 50%] [32mBuilding CXX object CMakeFiles/grasp_planner_msgs__rosidl_typesupport_introspection_cpp.dir/rosidl_typesupport_introspection_cpp/grasp_planner_msgs/srv/detail/plan_grasp__type_support.cpp.o[0m
[4.917s] [ 52%] [32mBuilding C object CMakeFiles/grasp_planner_msgs__rosidl_typesupport_introspection_c.dir/rosidl_typesupport_introspection_c/grasp_planner_msgs/srv/detail/plan_grasp__type_support.c.o[0m
[4.928s] [ 55%] [32mBuilding CXX object CMakeFiles/grasp_planner_msgs__rosidl_typesupport_fastrtps_cpp.dir/rosidl_typesupport_fastrtps_cpp/grasp_planner_msgs/srv/detail/dds_fastrtps/plan_grasp__type_support.cpp.o[0m
[4.930s] [ 55%] Built target grasp_planner_msgs__rosidl_typesupport_c
[4.988s] [ 58%] [32mBuilding CXX object CMakeFiles/grasp_planner_msgs__rosidl_typesupport_fastrtps_c.dir/rosidl_typesupport_fastrtps_c/grasp_planner_msgs/srv/detail/plan_grasp__type_support_c.cpp.o[0m
[5.000s] [ 61%] [32m[1mLinking C shared library libgrasp_planner_msgs__rosidl_typesupport_introspection_c.so[0m
[5.053s] [ 61%] Built target grasp_planner_msgs__rosidl_typesupport_introspection_c
[5.432s] [ 64%] [32m[1mLinking CXX shared library libgrasp_planner_msgs__rosidl_typesupport_cpp.so[0m
[5.525s] [ 64%] Built target grasp_planner_msgs__rosidl_typesupport_cpp
[5.536s] [ 67%] [32m[1mLinking CXX shared library libgrasp_planner_msgs__rosidl_typesupport_fastrtps_c.so[0m
[5.617s] [ 67%] Built target grasp_planner_msgs__rosidl_typesupport_fastrtps_c
[5.644s] [ 70%] [32m[1mLinking CXX shared library libgrasp_planner_msgs__rosidl_typesupport_introspection_cpp.so[0m
[5.731s] [ 70%] Built target grasp_planner_msgs__rosidl_typesupport_introspection_cpp
[5.883s] [ 73%] [32m[1mLinking CXX shared library libgrasp_planner_msgs__rosidl_typesupport_fastrtps_cpp.so[0m
[5.967s] [ 73%] Built target grasp_planner_msgs__rosidl_typesupport_fastrtps_cpp
[5.986s] [ 73%] Built target grasp_planner_msgs
[6.005s] [ 76%] [34m[1mGenerating Python code for ROS interfaces[0m
[6.374s] [ 76%] Built target grasp_planner_msgs__py
[6.394s] [ 79%] [32mBuilding C object CMakeFiles/grasp_planner_msgs__rosidl_generator_py.dir/rosidl_generator_py/grasp_planner_msgs/srv/_plan_grasp_s.c.o[0m
[6.551s] [ 82%] [32m[1mLinking C shared library libgrasp_planner_msgs__rosidl_generator_py.so[0m
[6.595s] [ 82%] Built target grasp_planner_msgs__rosidl_generator_py
[6.621s] [ 91%] [32mBuilding C object CMakeFiles/grasp_planner_msgs_s__rosidl_typesupport_c.dir/rosidl_generator_py/grasp_planner_msgs/_grasp_planner_msgs_s.ep.rosidl_typesupport_c.c.o[0m
[6.621s] [ 91%] [32mBuilding C object CMakeFiles/grasp_planner_msgs_s__rosidl_typesupport_fastrtps_c.dir/rosidl_generator_py/grasp_planner_msgs/_grasp_planner_msgs_s.ep.rosidl_typesupport_fastrtps_c.c.o[0m
[6.621s] [ 91%] [32mBuilding C object CMakeFiles/grasp_planner_msgs_s__rosidl_typesupport_introspection_c.dir/rosidl_generator_py/grasp_planner_msgs/_grasp_planner_msgs_s.ep.rosidl_typesupport_introspection_c.c.o[0m
[6.712s] [ 94%] [32m[1mLinking C shared module rosidl_generator_py/grasp_planner_msgs/grasp_planner_msgs_s__rosidl_typesupport_c.so[0m
[6.743s] [ 94%] Built target grasp_planner_msgs_s__rosidl_typesupport_c
[6.750s] [ 97%] [32m[1mLinking C shared module rosidl_generator_py/grasp_planner_msgs/grasp_planner_msgs_s__rosidl_typesupport_introspection_c.so[0m
[6.755s] [100%] [32m[1mLinking C shared module rosidl_generator_py/grasp_planner_msgs/grasp_planner_msgs_s__rosidl_typesupport_fastrtps_c.so[0m
[6.788s] [100%] Built target grasp_planner_msgs_s__rosidl_typesupport_introspection_c
[6.788s] [100%] Built target grasp_planner_msgs_s__rosidl_typesupport_fastrtps_c
[6.803s] Invoked command in '/home/zakaria/grasp_planner/build/grasp_planner_msgs' returned '0': CMAKE_PREFIX_PATH=/home/zakaria/workspace/ros/install/ur_description:/home/zakaria/workspace/ros/install/robotiq_description:/home/zakaria/workspace/ros/install/iai_tracy_ur:/home/zakaria/workspace/ros/install/iai_tracy_description:/home/zakaria/workspace/ros/install/iai_tracy_bringup:/home/zakaria/workspace/ros/install/giskardpy_ros:/opt/ros/jazzy:/home/zakaria/workspace/ros/install/iai_tracy:/home/zakaria/workspace/ros/install/iai_shelves:/home/zakaria/workspace/ros/install/iai_semantic_maps:/home/zakaria/workspace/ros/install/iai_refills_lab:/home/zakaria/workspace/ros/install/iai_pr2:/home/zakaria/workspace/ros/install/iai_pr2_description:/home/zakaria/workspace/ros/install/iai_maps:/home/zakaria/workspace/ros/install/iai_kitchen_defs:/home/zakaria/workspace/ros/install/iai_kitchen:/home/zakaria/workspace/ros/install/iai_apartment:/home/zakaria/workspace/ros/install/giskard_msgs:/home/zakaria/workspace/ros/install/chemistry_laboratory:/opt/ros/jazzy/opt/gz_sim_vendor:/opt/ros/jazzy/opt/gz_sensors_vendor:/opt/ros/jazzy/opt/gz_physics_vendor:/opt/ros/jazzy/opt/sdformat_vendor:/opt/ros/jazzy/opt/gz_gui_vendor:/opt/ros/jazzy/opt/gz_transport_vendor:/opt/ros/jazzy/opt/gz_rendering_vendor:/opt/ros/jazzy/opt/gz_plugin_vendor:/opt/ros/jazzy/opt/gz_fuel_tools_vendor:/opt/ros/jazzy/opt/gz_msgs_vendor:/opt/ros/jazzy/opt/gz_common_vendor:/opt/ros/jazzy/opt/gz_math_vendor:/opt/ros/jazzy/opt/gz_utils_vendor:/opt/ros/jazzy/opt/gz_tools_vendor:/opt/ros/jazzy/opt/gz_ogre_next_vendor:/opt/ros/jazzy/opt/gz_dartsim_vendor:/opt/ros/jazzy/opt/gz_cmake_vendor DEBUGINFOD_URLS=https://debuginfod.ubuntu.com LDFLAGS=-L/home/zakaria/local/lib -L/home/zakaria/local/lib /usr/bin/cmake --build /home/zakaria/grasp_planner/build/grasp_planner_msgs -- -j12 -l12
[6.816s] Invoking command in '/home/zakaria/grasp_planner/build/grasp_planner_msgs': CMAKE_PREFIX_PATH=/home/zakaria/workspace/ros/install/ur_description:/home/zakaria/workspace/ros/install/robotiq_description:/home/zakaria/workspace/ros/install/iai_tracy_ur:/home/zakaria/workspace/ros/install/iai_tracy_description:/home/zakaria/workspace/ros/install/iai_tracy_bringup:/home/zakaria/workspace/ros/install/giskardpy_ros:/opt/ros/jazzy:/home/zakaria/workspace/ros/install/iai_tracy:/home/zakaria/workspace/ros/install/iai_shelves:/home/zakaria/workspace/ros/install/iai_semantic_maps:/home/zakaria/workspace/ros/install/iai_refills_lab:/home/zakaria/workspace/ros/install/iai_pr2:/home/zakaria/workspace/ros/install/iai_pr2_description:/home/zakaria/workspace/ros/install/iai_maps:/home/zakaria/workspace/ros/install/iai_kitchen_defs:/home/zakaria/workspace/ros/install/iai_kitchen:/home/zakaria/workspace/ros/install/iai_apartment:/home/zakaria/workspace/ros/install/giskard_msgs:/home/zakaria/workspace/ros/install/chemistry_laboratory:/opt/ros/jazzy/opt/gz_sim_vendor:/opt/ros/jazzy/opt/gz_sensors_vendor:/opt/ros/jazzy/opt/gz_physics_vendor:/opt/ros/jazzy/opt/sdformat_vendor:/opt/ros/jazzy/opt/gz_gui_vendor:/opt/ros/jazzy/opt/gz_transport_vendor:/opt/ros/jazzy/opt/gz_rendering_vendor:/opt/ros/jazzy/opt/gz_plugin_vendor:/opt/ros/jazzy/opt/gz_fuel_tools_vendor:/opt/ros/jazzy/opt/gz_msgs_vendor:/opt/ros/jazzy/opt/gz_common_vendor:/opt/ros/jazzy/opt/gz_math_vendor:/opt/ros/jazzy/opt/gz_utils_vendor:/opt/ros/jazzy/opt/gz_tools_vendor:/opt/ros/jazzy/opt/gz_ogre_next_vendor:/opt/ros/jazzy/opt/gz_dartsim_vendor:/opt/ros/jazzy/opt/gz_cmake_vendor DEBUGINFOD_URLS=https://debuginfod.ubuntu.com LDFLAGS=-L/home/zakaria/local/lib -L/home/zakaria/local/lib /usr/bin/cmake --install /home/zakaria/grasp_planner/build/grasp_planner_msgs
[6.825s] -- Install configuration: ""
[6.825s] -- Installing: /home/zakaria/grasp_planner/install/grasp_planner_msgs/share/ament_index/resource_index/rosidl_interfaces/grasp_planner_msgs
[6.825s] -- Installing: /home/zakaria/grasp_planner/install/grasp_planner_msgs/share/grasp_planner_msgs/srv/PlanGrasp.json
[6.825s] -- Installing: /home/zakaria/grasp_planner/install/grasp_planner_msgs/include/grasp_planner_msgs/grasp_planner_msgs
[6.826s] -- Installing: /home/zakaria/grasp_planner/install/grasp_planner_msgs/include/grasp_planner_msgs/grasp_planner_msgs/msg
[6.826s] -- Installing: /home/zakaria/grasp_planner/install/grasp_planner_msgs/include/grasp_planner_msgs/grasp_planner_msgs/msg/rosidl_generator_c__visibility_control.h
[6.826s] -- Installing: /home/zakaria/grasp_planner/install/grasp_planner_msgs/include/grasp_planner_msgs/grasp_planner_msgs/srv
[6.826s] -- Installing: /home/zakaria/grasp_planner/install/grasp_planner_msgs/include/grasp_planner_msgs/grasp_planner_msgs/srv/detail
[6.826s] -- Installing: /home/zakaria/grasp_planner/install/grasp_planner_msgs/include/grasp_planner_msgs/grasp_planner_msgs/srv/detail/plan_grasp__type_support.c
[6.826s] -- Installing: /home/zakaria/grasp_planner/install/grasp_planner_msgs/include/grasp_planner_msgs/grasp_planner_msgs/srv/detail/plan_grasp__struct.h
[6.826s] -- Installing: /home/zakaria/grasp_planner/install/grasp_planner_msgs/include/grasp_planner_msgs/grasp_planner_msgs/srv/detail/plan_grasp__functions.c
[6.826s] -- Installing: /home/zakaria/grasp_planner/install/grasp_planner_msgs/include/grasp_planner_msgs/grasp_planner_msgs/srv/detail/plan_grasp__type_support.h
[6.826s] -- Installing: /home/zakaria/grasp_planner/install/grasp_planner_msgs/include/grasp_planner_msgs/grasp_planner_msgs/srv/detail/plan_grasp__description.c
[6.827s] -- Installing: /home/zakaria/grasp_planner/install/grasp_planner_msgs/include/grasp_planner_msgs/grasp_planner_msgs/srv/detail/plan_grasp__functions.h
[6.827s] -- Installing: /home/zakaria/grasp_planner/install/grasp_planner_msgs/include/grasp_planner_msgs/grasp_planner_msgs/srv/plan_grasp.h
[6.827s] -- Installing: /home/zakaria/grasp_planner/install/grasp_planner_msgs/share/grasp_planner_msgs/environment/library_path.sh
[6.827s] -- Installing: /home/zakaria/grasp_planner/install/grasp_planner_msgs/share/grasp_planner_msgs/environment/library_path.dsv
[6.827s] -- Installing: /home/zakaria/grasp_planner/install/grasp_planner_msgs/lib/libgrasp_planner_msgs__rosidl_generator_c.so
[6.827s] -- Up-to-date: /home/zakaria/grasp_planner/install/grasp_planner_msgs/include/grasp_planner_msgs/grasp_planner_msgs
[6.827s] -- Up-to-date: /home/zakaria/grasp_planner/install/grasp_planner_msgs/include/grasp_planner_msgs/grasp_planner_msgs/msg
[6.827s] -- Installing: /home/zakaria/grasp_planner/install/grasp_planner_msgs/include/grasp_planner_msgs/grasp_planner_msgs/msg/rosidl_typesupport_fastrtps_c__visibility_control.h
[6.828s] -- Up-to-date: /home/zakaria/grasp_planner/install/grasp_planner_msgs/include/grasp_planner_msgs/grasp_planner_msgs/srv
[6.828s] -- Up-to-date: /home/zakaria/grasp_planner/install/grasp_planner_msgs/include/grasp_planner_msgs/grasp_planner_msgs/srv/detail
[6.828s] -- Installing: /home/zakaria/grasp_planner/install/grasp_planner_msgs/include/grasp_planner_msgs/grasp_planner_msgs/srv/detail/plan_grasp__rosidl_typesupport_fastrtps_c.h
[6.828s] -- Installing: /home/zakaria/grasp_planner/install/grasp_planner_msgs/lib/libgrasp_planner_msgs__rosidl_typesupport_fastrtps_c.so
[6.828s] -- Set non-toolchain portion of runtime path of "/home/zakaria/grasp_planner/install/grasp_planner_msgs/lib/libgrasp_planner_msgs__rosidl_typesupport_fastrtps_c.so" to ""
[6.828s] -- Up-to-date: /home/zakaria/grasp_planner/install/grasp_planner_msgs/include/grasp_planner_msgs/grasp_planner_msgs
[6.828s] -- Up-to-date: /home/zakaria/grasp_planner/install/grasp_planner_msgs/include/grasp_planner_msgs/grasp_planner_msgs/msg
[6.828s] -- Installing: /home/zakaria/grasp_planner/install/grasp_planner_msgs/include/grasp_planner_msgs/grasp_planner_msgs/msg/rosidl_generator_cpp__visibility_control.hpp
[6.828s] -- Up-to-date: /home/zakaria/grasp_planner/install/grasp_planner_msgs/include/grasp_planner_msgs/grasp_planner_msgs/srv
[6.828s] -- Up-to-date: /home/zakaria/grasp_planner/install/grasp_planner_msgs/include/grasp_planner_msgs/grasp_planner_msgs/srv/detail
[6.829s] -- Installing: /home/zakaria/grasp_planner/install/grasp_planner_msgs/include/grasp_planner_msgs/grasp_planner_msgs/srv/detail/plan_grasp__builder.hpp
[6.829s] -- Installing: /home/zakaria/grasp_planner/install/grasp_planner_msgs/include/grasp_planner_msgs/grasp_planner_msgs/srv/detail/plan_grasp__traits.hpp
[6.829s] -- Installing: /home/zakaria/grasp_planner/install/grasp_planner_msgs/include/grasp_planner_msgs/grasp_planner_msgs/srv/detail/plan_grasp__struct.hpp
[6.829s] -- Installing: /home/zakaria/grasp_planner/install/grasp_planner_msgs/include/grasp_planner_msgs/grasp_planner_msgs/srv/detail/plan_grasp__type_support.hpp
[6.829s] -- Installing: /home/zakaria/grasp_planner/install/grasp_planner_msgs/include/grasp_planner_msgs/grasp_planner_msgs/srv/plan_grasp.hpp
[6.829s] -- Up-to-date: /home/zakaria/grasp_planner/install/grasp_planner_msgs/include/grasp_planner_msgs/grasp_planner_msgs
[6.830s] -- Up-to-date: /home/zakaria/grasp_planner/install/grasp_planner_msgs/include/grasp_planner_msgs/grasp_planner_msgs/msg
[6.830s] -- Installing: /home/zakaria/grasp_planner/install/grasp_planner_msgs/include/grasp_planner_msgs/grasp_planner_msgs/msg/rosidl_typesupport_fastrtps_cpp__visibility_control.h
[6.830s] -- Up-to-date: /home/zakaria/grasp_planner/install/grasp_planner_msgs/include/grasp_planner_msgs/grasp_planner_msgs/srv
[6.830s] -- Up-to-date: /home/zakaria/grasp_planner/install/grasp_planner_msgs/include/grasp_planner_msgs/grasp_planner_msgs/srv/detail
[6.830s] -- Installing: /home/zakaria/grasp_planner/install/grasp_planner_msgs/include/grasp_planner_msgs/grasp_planner_msgs/srv/detail/dds_fastrtps
[6.830s] -- Installing: /home/zakaria/grasp_planner/install/grasp_planner_msgs/include/grasp_planner_msgs/grasp_planner_msgs/srv/detail/plan_grasp__rosidl_typesupport_fastrtps_cpp.hpp
[6.830s] -- Installing: /home/zakaria/grasp_planner/install/grasp_planner_msgs/lib/libgrasp_planner_msgs__rosidl_typesupport_fastrtps_cpp.so
[6.830s] -- Set non-toolchain portion of runtime path of "/home/zakaria/grasp_planner/install/grasp_planner_msgs/lib/libgrasp_planner_msgs__rosidl_typesupport_fastrtps_cpp.so" to ""
[6.831s] -- Up-to-date: /home/zakaria/grasp_planner/install/grasp_planner_msgs/include/grasp_planner_msgs/grasp_planner_msgs
[6.831s] -- Up-to-date: /home/zakaria/grasp_planner/install/grasp_planner_msgs/include/grasp_planner_msgs/grasp_planner_msgs/msg
[6.831s] -- Installing: /home/zakaria/grasp_planner/install/grasp_planner_msgs/include/grasp_planner_msgs/grasp_planner_msgs/msg/rosidl_typesupport_introspection_c__visibility_control.h
[6.831s] -- Up-to-date: /home/zakaria/grasp_planner/install/grasp_planner_msgs/include/grasp_planner_msgs/grasp_planner_msgs/srv
[6.831s] -- Up-to-date: /home/zakaria/grasp_planner/install/grasp_planner_msgs/include/grasp_planner_msgs/grasp_planner_msgs/srv/detail
[6.831s] -- Installing: /home/zakaria/grasp_planner/install/grasp_planner_msgs/include/grasp_planner_msgs/grasp_planner_msgs/srv/detail/plan_grasp__type_support.c
[6.831s] -- Installing: /home/zakaria/grasp_planner/install/grasp_planner_msgs/include/grasp_planner_msgs/grasp_planner_msgs/srv/detail/plan_grasp__rosidl_typesupport_introspection_c.h
[6.831s] -- Installing: /home/zakaria/grasp_planner/install/grasp_planner_msgs/lib/libgrasp_planner_msgs__rosidl_typesupport_introspection_c.so
[6.831s] -- Set non-toolchain portion of runtime path of "/home/zakaria/grasp_planner/install/grasp_planner_msgs/lib/libgrasp_planner_msgs__rosidl_typesupport_introspection_c.so" to ""
[6.831s] -- Installing: /home/zakaria/grasp_planner/install/grasp_planner_msgs/lib/libgrasp_planner_msgs__rosidl_typesupport_c.so
[6.831s] -- Set non-toolchain portion of runtime path of "/home/zakaria/grasp_planner/install/grasp_planner_msgs/lib/libgrasp_planner_msgs__rosidl_typesupport_c.so" to ""
[6.831s] -- Up-to-date: /home/zakaria/grasp_planner/install/grasp_planner_msgs/include/grasp_planner_msgs/grasp_planner_msgs
[6.832s] -- Up-to-date: /home/zakaria/grasp_planner/install/grasp_planner_msgs/include/grasp_planner_msgs/grasp_planner_msgs/srv
[6.832s] -- Up-to-date: /home/zakaria/grasp_planner/install/grasp_planner_msgs/include/grasp_planner_msgs/grasp_planner_msgs/srv/detail
[6.832s] -- Installing: /home/zakaria/grasp_planner/install/grasp_planner_msgs/include/grasp_planner_msgs/grasp_planner_msgs/srv/detail/plan_grasp__type_support.cpp
[6.832s] -- Installing: /home/zakaria/grasp_planner/install/grasp_planner_msgs/include/grasp_planner_msgs/grasp_planner_msgs/srv/detail/plan_grasp__rosidl_typesupport_introspection_cpp.hpp
[6.832s] -- Installing: /home/zakaria/grasp_planner/install/grasp_planner_msgs/lib/libgrasp_planner_msgs__rosidl_typesupport_introspection_cpp.so
[6.832s] -- Set non-toolchain portion of runtime path of "/home/zakaria/grasp_planner/install/grasp_planner_msgs/lib/libgrasp_planner_msgs__rosidl_typesupport_introspection_cpp.so" to ""
[6.832s] -- Installing: /home/zakaria/grasp_planner/install/grasp_planner_msgs/lib/libgrasp_planner_msgs__rosidl_typesupport_cpp.so
[6.833s] -- Set non-toolchain portion of runtime path of "/home/zakaria/grasp_planner/install/grasp_planner_msgs/lib/libgrasp_planner_msgs__rosidl_typesupport_cpp.so" to ""
[6.833s] -- Installing: /home/zakaria/grasp_planner/install/grasp_planner_msgs/share/grasp_planner_msgs/environment/pythonpath.sh
[6.833s] -- Installing: /home/zakaria/grasp_planner/install/grasp_planner_msgs/share/grasp_planner_msgs/environment/pythonpath.dsv
[6.833s] -- Installing: /home/zakaria/grasp_planner/install/grasp_planner_msgs/lib/python3.12/site-packages/grasp_planner_msgs-0.0.0-py3.12.egg-info
[6.833s] -- Installing: /home/zakaria/grasp_planner/install/grasp_planner_msgs/lib/python3.12/site-packages/grasp_planner_msgs-0.0.0-py3.12.egg-info/SOURCES.txt
[6.833s] -- Installing: /home/zakaria/grasp_planner/install/grasp_planner_msgs/lib/python3.12/site-packages/grasp_planner_msgs-0.0.0-py3.12.egg-info/dependency_links.txt
[6.833s] -- Installing: /home/zakaria/grasp_planner/install/grasp_planner_msgs/lib/python3.12/site-packages/grasp_planner_msgs-0.0.0-py3.12.egg-info/top_level.txt
[6.833s] -- Installing: /home/zakaria/grasp_planner/install/grasp_planner_msgs/lib/python3.12/site-packages/grasp_planner_msgs-0.0.0-py3.12.egg-info/PKG-INFO
[6.833s] -- Installing: /home/zakaria/grasp_planner/install/grasp_planner_msgs/lib/python3.12/site-packages/grasp_planner_msgs
[6.834s] -- Installing: /home/zakaria/grasp_planner/install/grasp_planner_msgs/lib/python3.12/site-packages/grasp_planner_msgs/_grasp_planner_msgs_s.ep.rosidl_typesupport_fastrtps_c.c
[6.834s] -- Installing: /home/zakaria/grasp_planner/install/grasp_planner_msgs/lib/python3.12/site-packages/grasp_planner_msgs/__init__.py
[6.834s] -- Installing: /home/zakaria/grasp_planner/install/grasp_planner_msgs/lib/python3.12/site-packages/grasp_planner_msgs/grasp_planner_msgs_s__rosidl_typesupport_fastrtps_c.so
[6.834s] -- Installing: /home/zakaria/grasp_planner/install/grasp_planner_msgs/lib/python3.12/site-packages/grasp_planner_msgs/_grasp_planner_msgs_s.ep.rosidl_typesupport_c.c
[6.834s] -- Installing: /home/zakaria/grasp_planner/install/grasp_planner_msgs/lib/python3.12/site-packages/grasp_planner_msgs/srv
[6.834s] -- Installing: /home/zakaria/grasp_planner/install/grasp_planner_msgs/lib/python3.12/site-packages/grasp_planner_msgs/srv/__init__.py
[6.834s] -- Installing: /home/zakaria/grasp_planner/install/grasp_planner_msgs/lib/python3.12/site-packages/grasp_planner_msgs/srv/_plan_grasp_s.c
[6.834s] -- Installing: /home/zakaria/grasp_planner/install/grasp_planner_msgs/lib/python3.12/site-packages/grasp_planner_msgs/srv/_plan_grasp.py
[6.834s] -- Installing: /home/zakaria/grasp_planner/install/grasp_planner_msgs/lib/python3.12/site-packages/grasp_planner_msgs/_grasp_planner_msgs_s.ep.rosidl_typesupport_introspection_c.c
[6.834s] -- Installing: /home/zakaria/grasp_planner/install/grasp_planner_msgs/lib/python3.12/site-packages/grasp_planner_msgs/grasp_planner_msgs_s__rosidl_typesupport_introspection_c.so
[6.834s] -- Installing: /home/zakaria/grasp_planner/install/grasp_planner_msgs/lib/python3.12/site-packages/grasp_planner_msgs/grasp_planner_msgs_s__rosidl_typesupport_c.so
[6.865s] Listing '/home/zakaria/grasp_planner/install/grasp_planner_msgs/lib/python3.12/site-packages/grasp_planner_msgs'...
[6.865s] Compiling '/home/zakaria/grasp_planner/install/grasp_planner_msgs/lib/python3.12/site-packages/grasp_planner_msgs/__init__.py'...
[6.865s] Listing '/home/zakaria/grasp_planner/install/grasp_planner_msgs/lib/python3.12/site-packages/grasp_planner_msgs/srv'...
[6.865s] Compiling '/home/zakaria/grasp_planner/install/grasp_planner_msgs/lib/python3.12/site-packages/grasp_planner_msgs/srv/__init__.py'...
[6.865s] Compiling '/home/zakaria/grasp_planner/install/grasp_planner_msgs/lib/python3.12/site-packages/grasp_planner_msgs/srv/_plan_grasp.py'...
[6.870s] -- Installing: /home/zakaria/grasp_planner/install/grasp_planner_msgs/lib/python3.12/site-packages/grasp_planner_msgs/grasp_planner_msgs_s__rosidl_typesupport_fastrtps_c.so
[6.870s] -- Set non-toolchain portion of runtime path of "/home/zakaria/grasp_planner/install/grasp_planner_msgs/lib/python3.12/site-packages/grasp_planner_msgs/grasp_planner_msgs_s__rosidl_typesupport_fastrtps_c.so" to ""
[6.870s] -- Installing: /home/zakaria/grasp_planner/install/grasp_planner_msgs/lib/python3.12/site-packages/grasp_planner_msgs/grasp_planner_msgs_s__rosidl_typesupport_introspection_c.so
[6.870s] -- Set non-toolchain portion of runtime path of "/home/zakaria/grasp_planner/install/grasp_planner_msgs/lib/python3.12/site-packages/grasp_planner_msgs/grasp_planner_msgs_s__rosidl_typesupport_introspection_c.so" to ""
[6.870s] -- Installing: /home/zakaria/grasp_planner/install/grasp_planner_msgs/lib/python3.12/site-packages/grasp_planner_msgs/grasp_planner_msgs_s__rosidl_typesupport_c.so
[6.871s] -- Set non-toolchain portion of runtime path of "/home/zakaria/grasp_planner/install/grasp_planner_msgs/lib/python3.12/site-packages/grasp_planner_msgs/grasp_planner_msgs_s__rosidl_typesupport_c.so" to ""
[6.871s] -- Installing: /home/zakaria/grasp_planner/install/grasp_planner_msgs/lib/libgrasp_planner_msgs__rosidl_generator_py.so
[6.871s] -- Set non-toolchain portion of runtime path of "/home/zakaria/grasp_planner/install/grasp_planner_msgs/lib/libgrasp_planner_msgs__rosidl_generator_py.so" to ""
[6.871s] -- Installing: /home/zakaria/grasp_planner/install/grasp_planner_msgs/share/grasp_planner_msgs/srv/PlanGrasp.idl
[6.871s] -- Installing: /home/zakaria/grasp_planner/install/grasp_planner_msgs/share/grasp_planner_msgs/srv/PlanGrasp.srv
[6.871s] -- Installing: /home/zakaria/grasp_planner/install/grasp_planner_msgs/share/ament_index/resource_index/package_run_dependencies/grasp_planner_msgs
[6.871s] -- Installing: /home/zakaria/grasp_planner/install/grasp_planner_msgs/share/ament_index/resource_index/parent_prefix_path/grasp_planner_msgs
[6.871s] -- Installing: /home/zakaria/grasp_planner/install/grasp_planner_msgs/share/grasp_planner_msgs/environment/ament_prefix_path.sh
[6.872s] -- Installing: /home/zakaria/grasp_planner/install/grasp_planner_msgs/share/grasp_planner_msgs/environment/ament_prefix_path.dsv
[6.872s] -- Installing: /home/zakaria/grasp_planner/install/grasp_planner_msgs/share/grasp_planner_msgs/environment/path.sh
[6.872s] -- Installing: /home/zakaria/grasp_planner/install/grasp_planner_msgs/share/grasp_planner_msgs/environment/path.dsv
[6.872s] -- Installing: /home/zakaria/grasp_planner/install/grasp_planner_msgs/share/grasp_planner_msgs/local_setup.bash
[6.872s] -- Installing: /home/zakaria/grasp_planner/install/grasp_planner_msgs/share/grasp_planner_msgs/local_setup.sh
[6.872s] -- Installing: /home/zakaria/grasp_planner/install/grasp_planner_msgs/share/grasp_planner_msgs/local_setup.zsh
[6.873s] -- Installing: /home/zakaria/grasp_planner/install/grasp_planner_msgs/share/grasp_planner_msgs/local_setup.dsv
[6.873s] -- Installing: /home/zakaria/grasp_planner/install/grasp_planner_msgs/share/grasp_planner_msgs/package.dsv
[6.873s] -- Installing: /home/zakaria/grasp_planner/install/grasp_planner_msgs/share/ament_index/resource_index/packages/grasp_planner_msgs
[6.873s] -- Installing: /home/zakaria/grasp_planner/install/grasp_planner_msgs/share/grasp_planner_msgs/cmake/export_grasp_planner_msgs__rosidl_generator_cExport.cmake
[6.873s] -- Installing: /home/zakaria/grasp_planner/install/grasp_planner_msgs/share/grasp_planner_msgs/cmake/export_grasp_planner_msgs__rosidl_generator_cExport-noconfig.cmake
[6.873s] -- Installing: /home/zakaria/grasp_planner/install/grasp_planner_msgs/share/grasp_planner_msgs/cmake/export_grasp_planner_msgs__rosidl_typesupport_fastrtps_cExport.cmake
[6.873s] -- Installing: /home/zakaria/grasp_planner/install/grasp_planner_msgs/share/grasp_planner_msgs/cmake/export_grasp_planner_msgs__rosidl_typesupport_fastrtps_cExport-noconfig.cmake
[6.874s] -- Installing: /home/zakaria/grasp_planner/install/grasp_planner_msgs/share/grasp_planner_msgs/cmake/export_grasp_planner_msgs__rosidl_generator_cppExport.cmake
[6.874s] -- Installing: /home/zakaria/grasp_planner/install/grasp_planner_msgs/share/grasp_planner_msgs/cmake/export_grasp_planner_msgs__rosidl_typesupport_fastrtps_cppExport.cmake
[6.874s] -- Installing: /home/zakaria/grasp_planner/install/grasp_planner_msgs/share/grasp_planner_msgs/cmake/export_grasp_planner_msgs__rosidl_typesupport_fastrtps_cppExport-noconfig.cmake
[6.874s] -- Installing: /home/zakaria/grasp_planner/install/grasp_planner_msgs/share/grasp_planner_msgs/cmake/grasp_planner_msgs__rosidl_typesupport_introspection_cExport.cmake
[6.874s] -- Installing: /home/zakaria/grasp_planner/install/grasp_planner_msgs/share/grasp_planner_msgs/cmake/grasp_planner_msgs__rosidl_typesupport_introspection_cExport-noconfig.cmake
[6.874s] -- Installing: /home/zakaria/grasp_planner/install/grasp_planner_msgs/share/grasp_planner_msgs/cmake/grasp_planner_msgs__rosidl_typesupport_cExport.cmake
[6.875s] -- Installing: /home/zakaria/grasp_planner/install/grasp_planner_msgs/share/grasp_planner_msgs/cmake/grasp_planner_msgs__rosidl_typesupport_cExport-noconfig.cmake
[6.875s] -- Installing: /home/zakaria/grasp_planner/install/grasp_planner_msgs/share/grasp_planner_msgs/cmake/grasp_planner_msgs__rosidl_typesupport_introspection_cppExport.cmake
[6.875s] -- Installing: /home/zakaria/grasp_planner/install/grasp_planner_msgs/share/grasp_planner_msgs/cmake/grasp_planner_msgs__rosidl_typesupport_introspection_cppExport-noconfig.cmake
[6.875s] -- Installing: /home/zakaria/grasp_planner/install/grasp_planner_msgs/share/grasp_planner_msgs/cmake/grasp_planner_msgs__rosidl_typesupport_cppExport.cmake
[6.875s] -- Installing: /home/zakaria/grasp_planner/install/grasp_planner_msgs/share/grasp_planner_msgs/cmake/grasp_planner_msgs__rosidl_typesupport_cppExport-noconfig.cmake
[6.875s] -- Installing: /home/zakaria/grasp_planner/install/grasp_planner_msgs/share/grasp_planner_msgs/cmake/export_grasp_planner_msgs__rosidl_generator_pyExport.cmake
[6.875s] -- Installing: /home/zakaria/grasp_planner/install/grasp_planner_msgs/share/grasp_planner_msgs/cmake/export_grasp_planner_msgs__rosidl_generator_pyExport-noconfig.cmake
[6.875s] -- Installing: /home/zakaria/grasp_planner/install/grasp_planner_msgs/share/grasp_planner_msgs/cmake/rosidl_cmake-extras.cmake
[6.875s] -- Installing: /home/zakaria/grasp_planner/install/grasp_planner_msgs/share/grasp_planner_msgs/cmake/ament_cmake_export_dependencies-extras.cmake
[6.875s] -- Installing: /home/zakaria/grasp_planner/install/grasp_planner_msgs/share/grasp_planner_msgs/cmake/ament_cmake_export_include_directories-extras.cmake
[6.875s] -- Installing: /home/zakaria/grasp_planner/install/grasp_planner_msgs/share/grasp_planner_msgs/cmake/ament_cmake_export_libraries-extras.cmake
[6.876s] -- Installing: /home/zakaria/grasp_planner/install/grasp_planner_msgs/share/grasp_planner_msgs/cmake/ament_cmake_export_targets-extras.cmake
[6.876s] -- Installing: /home/zakaria/grasp_planner/install/grasp_planner_msgs/share/grasp_planner_msgs/cmake/rosidl_cmake_export_typesupport_targets-extras.cmake
[6.876s] -- Installing: /home/zakaria/grasp_planner/install/grasp_planner_msgs/share/grasp_planner_msgs/cmake/rosidl_cmake_export_typesupport_libraries-extras.cmake
[6.876s] -- Installing: /home/zakaria/grasp_planner/install/grasp_planner_msgs/share/grasp_planner_msgs/cmake/grasp_planner_msgsConfig.cmake
[6.876s] -- Installing: /home/zakaria/grasp_planner/install/grasp_planner_msgs/share/grasp_planner_msgs/cmake/grasp_planner_msgsConfig-version.cmake
[6.876s] -- Installing: /home/zakaria/grasp_planner/install/grasp_planner_msgs/share/grasp_planner_msgs/package.xml
[6.877s] Invoked command in '/home/zakaria/grasp_planner/build/grasp_planner_msgs' returned '0': CMAKE_PREFIX_PATH=/home/zakaria/workspace/ros/install/ur_description:/home/zakaria/workspace/ros/install/robotiq_description:/home/zakaria/workspace/ros/install/iai_tracy_ur:/home/zakaria/workspace/ros/install/iai_tracy_description:/home/zakaria/workspace/ros/install/iai_tracy_bringup:/home/zakaria/workspace/ros/install/giskardpy_ros:/opt/ros/jazzy:/home/zakaria/workspace/ros/install/iai_tracy:/home/zakaria/workspace/ros/install/iai_shelves:/home/zakaria/workspace/ros/install/iai_semantic_maps:/home/zakaria/workspace/ros/install/iai_refills_lab:/home/zakaria/workspace/ros/install/iai_pr2:/home/zakaria/workspace/ros/install/iai_pr2_description:/home/zakaria/workspace/ros/install/iai_maps:/home/zakaria/workspace/ros/install/iai_kitchen_defs:/home/zakaria/workspace/ros/install/iai_kitchen:/home/zakaria/workspace/ros/install/iai_apartment:/home/zakaria/workspace/ros/install/giskard_msgs:/home/zakaria/workspace/ros/install/chemistry_laboratory:/opt/ros/jazzy/opt/gz_sim_vendor:/opt/ros/jazzy/opt/gz_sensors_vendor:/opt/ros/jazzy/opt/gz_physics_vendor:/opt/ros/jazzy/opt/sdformat_vendor:/opt/ros/jazzy/opt/gz_gui_vendor:/opt/ros/jazzy/opt/gz_transport_vendor:/opt/ros/jazzy/opt/gz_rendering_vendor:/opt/ros/jazzy/opt/gz_plugin_vendor:/opt/ros/jazzy/opt/gz_fuel_tools_vendor:/opt/ros/jazzy/opt/gz_msgs_vendor:/opt/ros/jazzy/opt/gz_common_vendor:/opt/ros/jazzy/opt/gz_math_vendor:/opt/ros/jazzy/opt/gz_utils_vendor:/opt/ros/jazzy/opt/gz_tools_vendor:/opt/ros/jazzy/opt/gz_ogre_next_vendor:/opt/ros/jazzy/opt/gz_dartsim_vendor:/opt/ros/jazzy/opt/gz_cmake_vendor DEBUGINFOD_URLS=https://debuginfod.ubuntu.com LDFLAGS=-L/home/zakaria/local/lib -L/home/zakaria/local/lib /usr/bin/cmake --install /home/zakaria/grasp_planner/build/grasp_planner_msgs
